Archive member included because of file (symbol)

libee.a(ee_hal_structs.o)     obj/code.o (EE_IRQ_nesting_level)
libee.a(ee_utils.o)           obj/code.o (EE_system_init)
libee.a(ee_gnu_change_context_isr.o)
                              obj/code.o (EE_switch_context)
libee.a(ee_irqendin.o)        libee.a(ee_gnu_change_context_isr.o) (EE_IRQ_end_instance)
libee.a(ee_tstub.o)           obj/eecfg.o (EE_oo_thread_stub)
libee.a(ee_lookup.o)          libee.a(ee_irqendin.o) (EE_oo_IRQ_disable_count)
libee.a(ee_rq_exchg.o)        libee.a(ee_irqendin.o) (EE_rq2stk_exchange)
libee.a(ee_alsetrel.o)        obj/code.o (EE_oo_SetRelAlarm)
libee.a(ee_altick.o)          libee.a(ee_alsetrel.o) (EE_oo_counter_object_insert)
libee.a(ee_context.o)         libee.a(ee_gnu_change_context_isr.o) (EE_cortex_mx_change_context)
libee.a(ee_gnu_oo.o)          libee.a(ee_tstub.o) (EE_hal_terminate_savestk)
libee.a(ee_tnterm.o)          libee.a(ee_gnu_oo.o) (EE_thread_not_terminated)
libee.a(ee_rq_inser.o)        libee.a(ee_altick.o) (EE_rq_insert)
libee.a(ee_context.o)         libee.a(ee_context.o) (EE_std_run_task_code)
libee.a(ee_thendin.o)         libee.a(ee_context.o) (EE_thread_end_instance)
libstm32f4xxspd.a(stm32f4xx_dma.o)
                              obj/STMPE811QTR.o (DMA_DeInit)
libstm32f4xxspd.a(stm32f4xx_fsmc.o)
                              obj/Widget.o (FSMC_NORSRAMDeInit)
libstm32f4xxspd.a(stm32f4xx_gpio.o)
                              obj/STMPE811QTR.o (GPIO_Init)
libstm32f4xxspd.a(stm32f4xx_i2c.o)
                              obj/STMPE811QTR.o (I2C_Init)
libstm32f4xxspd.a(stm32f4xx_rcc.o)
                              libstm32f4xxspd.a(stm32f4xx_i2c.o) (RCC_GetClocksFreq)
c:/gnutoolsarmembedded/4.8_2014q3/bin/../lib/gcc/arm-none-eabi/4.8.4/armv7e-m\libgcc.a(_arm_addsubdf3.o)
                              obj/Widget.o (__aeabi_ui2d)
c:/gnutoolsarmembedded/4.8_2014q3/bin/../lib/gcc/arm-none-eabi/4.8.4/armv7e-m\libgcc.a(_arm_muldivdf3.o)
                              obj/Touch.o (__aeabi_ddiv)
c:/gnutoolsarmembedded/4.8_2014q3/bin/../lib/gcc/arm-none-eabi/4.8.4/armv7e-m\libgcc.a(_arm_cmpdf2.o)
                              obj/Widget.o (__aeabi_dcmplt)
c:/gnutoolsarmembedded/4.8_2014q3/bin/../lib/gcc/arm-none-eabi/4.8.4/armv7e-m\libgcc.a(_arm_fixdfsi.o)
                              obj/Touch.o (__aeabi_d2iz)
c:/gnutoolsarmembedded/4.8_2014q3/bin/../lib/gcc/arm-none-eabi/4.8.4/armv7e-m\libgcc.a(_arm_addsubsf3.o)
                              obj/Touch.o (__aeabi_fsub)
c:/gnutoolsarmembedded/4.8_2014q3/bin/../lib/gcc/arm-none-eabi/4.8.4/armv7e-m\libgcc.a(_arm_muldivsf3.o)
                              obj/Touch.o (__aeabi_fmul)
c:/gnutoolsarmembedded/4.8_2014q3/bin/../lib/gcc/arm-none-eabi/4.8.4/armv7e-m\libgcc.a(_arm_fixsfsi.o)
                              obj/Touch.o (__aeabi_f2iz)
c:/gnutoolsarmembedded/4.8_2014q3/bin/../lib/gcc/arm-none-eabi/4.8.4/armv7e-m\libgcc.a(_arm_fixunssfsi.o)
                              obj/Touch.o (__aeabi_f2uiz)
C:\GNUToolsARMEmbedded\4.8_2014q3\arm-none-eabi\lib\thumb\libc.a(lib_a-exit.o)
                              c:/gnutoolsarmembedded/4.8_2014q3/bin/../lib/gcc/arm-none-eabi/4.8.4/../../../../arm-none-eabi/lib/armv7e-m/crt0.o (exit)
C:\GNUToolsARMEmbedded\4.8_2014q3\arm-none-eabi\lib\thumb\libc.a(lib_a-impure.o)
                              C:\GNUToolsARMEmbedded\4.8_2014q3\arm-none-eabi\lib\thumb\libc.a(lib_a-exit.o) (_global_impure_ptr)
C:\GNUToolsARMEmbedded\4.8_2014q3\arm-none-eabi\lib\thumb\libc.a(lib_a-init.o)
                              c:/gnutoolsarmembedded/4.8_2014q3/bin/../lib/gcc/arm-none-eabi/4.8.4/../../../../arm-none-eabi/lib/armv7e-m/crt0.o (__libc_init_array)
C:\GNUToolsARMEmbedded\4.8_2014q3\arm-none-eabi\lib\thumb\libc.a(lib_a-memset.o)
                              c:/gnutoolsarmembedded/4.8_2014q3/bin/../lib/gcc/arm-none-eabi/4.8.4/../../../../arm-none-eabi/lib/armv7e-m/crt0.o (memset)
C:\GNUToolsARMEmbedded\4.8_2014q3\arm-none-eabi\lib\thumb\libc.a(lib_a-sprintf.o)
                              obj/code.o (sprintf)
C:\GNUToolsARMEmbedded\4.8_2014q3\arm-none-eabi\lib\thumb\libc.a(lib_a-svfprintf.o)
                              C:\GNUToolsARMEmbedded\4.8_2014q3\arm-none-eabi\lib\thumb\libc.a(lib_a-sprintf.o) (_svfprintf_r)
C:\GNUToolsARMEmbedded\4.8_2014q3\arm-none-eabi\lib\thumb\libc.a(lib_a-__call_atexit.o)
                              C:\GNUToolsARMEmbedded\4.8_2014q3\arm-none-eabi\lib\thumb\libc.a(lib_a-exit.o) (__call_exitprocs)
C:\GNUToolsARMEmbedded\4.8_2014q3\arm-none-eabi\lib\thumb\libc.a(lib_a-atexit.o)
                              C:\GNUToolsARMEmbedded\4.8_2014q3\arm-none-eabi\lib\thumb\libc.a(lib_a-__call_atexit.o) (atexit)
C:\GNUToolsARMEmbedded\4.8_2014q3\arm-none-eabi\lib\thumb\libc.a(lib_a-dtoa.o)
                              C:\GNUToolsARMEmbedded\4.8_2014q3\arm-none-eabi\lib\thumb\libc.a(lib_a-svfprintf.o) (_dtoa_r)
C:\GNUToolsARMEmbedded\4.8_2014q3\arm-none-eabi\lib\thumb\libc.a(lib_a-fini.o)
[...]
Memory Configuration

Name             Origin             Length             Attributes
FLASH            0x08000000         0x00100000         xr
RAM              0x20000000         0x00020000         xrw
CCM              0x10000000         0x00010000         xrw
MEMORY_B1        0x60000000         0x00000000         xr
*default*        0x00000000         0xffffffff

Linker script and memory map

LOAD c:/gnutoolsarmembedded/4.8_2014q3/bin/../lib/gcc/arm-none-eabi/4.8.4/armv7e-m/crti.o
LOAD c:/gnutoolsarmembedded/4.8_2014q3/bin/../lib/gcc/arm-none-eabi/4.8.4/armv7e-m/crtbegin.o
LOAD c:/gnutoolsarmembedded/4.8_2014q3/bin/../lib/gcc/arm-none-eabi/4.8.4/../../../../arm-none-eabi/lib/armv7e-m/crt0.o
LOAD obj/Event.o
LOAD obj/STMPE811QTR.o
LOAD obj/Swatch.o
LOAD obj/Touch.o
LOAD obj/Widget.o
LOAD obj/WidgetConfig.o
LOAD obj/code.o
LOAD obj/debug.o
LOAD obj/eecfg.o
LOAD obj/pictures.o
LOAD obj/pkg/mcu/st_stm32_stm32f4xx/src/startup_stm32f4xx_gnu.o
LOAD obj/pkg/mcu/st_stm32_stm32f4xx/src/system_stm32f4xx.o
LOAD libee.a
LOAD libstm32f4discovery.a
LOAD libstm32f4xxspd.a
START GROUP
LOAD c:/gnutoolsarmembedded/4.8_2014q3/bin/../lib/gcc/arm-none-eabi/4.8.4/armv7e-m\libgcc.a
LOAD C:\GNUToolsARMEmbedded\4.8_2014q3\arm-none-eabi\lib\thumb\libc.a
LOAD C:\GNUToolsARMEmbedded\4.8_2014q3\arm-none-eabi\lib\thumb\libm.a
LOAD C:\GNUToolsARMEmbedded\4.8_2014q3\arm-none-eabi\lib\thumb\libnosys.a
END GROUP

.text           0x08000000    0x41cc4
 *(.isr_vector)
 .isr_vector    0x08000000      0x188 obj/pkg/mcu/st_stm32_stm32f4xx/src/startup_stm32f4xx_gnu.o
                0x08000000                __isr_vector
 *(.text*)
 .text          0x08000188        0x0 c:/gnutoolsarmembedded/4.8_2014q3/bin/../lib/gcc/arm-none-eabi/4.8.4/armv7e-m/crti.o
 .text          0x08000188       0x54 c:/gnutoolsarmembedded/4.8_2014q3/bin/../lib/gcc/arm-none-eabi/4.8.4/armv7e-m/crtbegin.o
 .text          0x080001dc       0x74 c:/gnutoolsarmembedded/4.8_2014q3/bin/../lib/gcc/arm-none-eabi/4.8.4/../../../../arm-none-eabi/lib/armv7e-m/crt0.o
                0x080001dc                _start
                0x080001dc                _mainCRTStartup
 .text          0x08000250        0x0 obj/Event.o
 .text          0x08000250      0xe0c obj/STMPE811QTR.o
                0x08000250                IOE_Config
                0x08000288                IOE_ITConfig
                0x080002cc                IOE_TS_GetState
                0x080003a0                IOE_GetGITStatus
                0x080003dc                IOE_ClearGITPending
                0x08000404                IOE_GetIOITStatus
                0x08000440                IOE_IsOperational
                0x0800047c                IOE_Reset
                0x080004b0                IOE_ReadID
                0x080004f0                IOE_FnctCmd
                0x0800054c                IOE_IOPinConfig
                0x080005a8                IOE_GITCmd
                0x080005f4                IOE_GITConfig
                0x08000650                IOE_IOITConfig
                0x080006ac                IOE_TS_Config
                0x080007ac                IOE_IOAFConfig
                0x08000808                IOE_IOEdgeConfig
                0x080008a4                IOE_ITOutConfig
                0x080008f0                I2C_WriteDeviceRegister
                0x08000a60                I2C_ReadDeviceRegister
                0x08000c24                I2C_ReadDataBuffer
                0x08000e00                IOE_TS_Read_X
                0x08000e48                IOE_TS_Read_Y
 .text          0x0800105c      0xcf4 obj/Swatch.o
                0x08001a08                Swatch_step
                0x08001c64                Swatch_initialize
                0x08001d3c                Swatch_terminate
 .text          0x08001d50      0x5d0 obj/Touch.o
                0x08001d50                delay
                0x08001d84                Draw_Calibration_Mark
                0x08001dcc                Lcd_Touch_Calibration
                0x0800207c                GetTouch_TC_Async
                0x080020ec                GetTouch_TC_Sync
                0x0800215c                GetTouch_SC_Async
                0x08002224                GetTouch_SC_Sync
                0x080022ec                InitTouch
 .text          0x08002320     0x1dec obj/Widget.o
                0x08002320                LCD_DeInit
                0x08002560                LCD_CtrlLinesConfig
                0x080026d8                LCD_FSMCConfig
                0x08002758                STM32f4_Discovery_LCD_Init
                0x080028c8                LCD_SetCursor
                0x080028f0                LCD_WriteReg
                0x0800291c                LCD_ReadReg
                0x08002948                LCD_WriteRAM_Prepare
                0x0800295c                LCD_WriteRAM
                0x0800297c                LCD_ReadRAM
                0x08002994                LCD_RGB_Test
                0x080029fc                LCD_SetColors
                0x08002a2c                LCD_GetColors
                0x08002a5c                LCD_SetTextColor
                0x08002a7c                LCD_SetBackColor
                0x08002a9c                LCD_DisplayOff
                0x08002aa8                LCD_DisplayOn
                0x08002ab4                LCD_SetFont
                0x08002ad0                LCD_GetFont
                0x08002ae8                LCD_ClearLine
                0x08002b24                LCD_Clear
                0x08002b64                LCD_DrawPicture
                0x08002c64                LCD_DrawChar
                0x08002d68                LCD_DrawCharXY
                0x08002e9c                LCD_DisplayChar
                0x08002ee4                LCD_DisplayCharXY
                0x08002f34                LCD_DisplayStringXY
                0x08002f88                LCD_DisplayStringLine
                0x08002fdc                LCD_SetDisplayWindow
                0x08003054                LCD_WindowModeDisable
                0x08003060                LCD_DrawLine
                0x080030ec                LCD_DrawRect
                0x08003160                LCD_DrawFilledCircle
                0x080031c4                LCD_DrawCircle
                0x08003390                LCD_DrawMonoPict
                0x08003414                LCD_WriteBMP
                0x080034b0                LCD_DrawFilledRect
                0x08003534                LCD_DrawFullRect
                0x080035f8                LCD_DrawFullCircle
                0x08003738                LCD_DrawUniLine
                0x080038a0                LCD_PolyLine
                0x08003998                LCD_ClosedPolyLine
                0x080039e8                LCD_PolyLineRelative
                0x08003a08                LCD_ClosedPolyLineRelative
                0x08003a28                LCD_FillPolyLine
                0x08003efc                contains
                0x08003f5c                OnTouch
                0x08003fcc                DrawInit
                0x08004000                DrawOn
                0x08004060                DrawOff
                0x080040c0                WPrint
 .text          0x0800410c        0x0 obj/WidgetConfig.o
 .text          0x0800410c      0x6bc obj/code.o
                0x0800413c                systick_handler
                0x08004204                ISR2_systick_handler
                0x08004210                FuncTaskLCD
                0x0800424c                setTimeString
                0x08004274                IsUpdateTime
                0x080042e8                UpdateTime
                0x08004340                UpdateMode
                0x080043e0                strencode2digit
                0x0800443c                FuncTaskClock
                0x08004690                main
 .text          0x080047c8       0x4c obj/debug.o
                0x080047c8                debuginfo
 .text          0x08004814       0x30 obj/eecfg.o
 .text          0x08004844        0x0 obj/pictures.o
 .text          0x08004844        0x0 obj/pkg/mcu/st_stm32_stm32f4xx/src/startup_stm32f4xx_gnu.o
 .text.EE_cortex_mx_default_reset_ISR
                0x08004844       0x48 obj/pkg/mcu/st_stm32_stm32f4xx/src/startup_stm32f4xx_gnu.o
                0x08004844                EE_cortex_mx_default_reset_ISR
 .text.EE_cortex_mx_default_ISR
                0x0800488c        0x6 obj/pkg/mcu/st_stm32_stm32f4xx/src/startup_stm32f4xx_gnu.o
                0x0800488c                EE_CORTEX_MX_DMA1_STREAM4_ISR
                0x0800488c                EE_CORTEX_MX_USART6_ISR
                0x0800488c                EE_CORTEX_MX_DMA1_STREAM6_ISR
                0x0800488c                EE_CORTEX_MX_CRYP_ISR
                0x0800488c                EE_CORTEX_MX_DMA1_STREAM5_ISR
                0x0800488c                EE_CORTEX_MX_BUS_FAULT_ISR
                0x0800488c                EE_CORTEX_MX_PVD_ISR
                0x0800488c                EE_CORTEX_MX_SPI2_ISR
                0x0800488c                EE_CORTEX_MX_CAN1_RX1_ISR
                0x0800488c                EE_CORTEX_MX_DMA2_STREAM5_ISR
                0x0800488c                EE_CORTEX_MX_TIM6_DAC_ISR
                0x0800488c                EE_CORTEX_MX_I2C2_EV_ISR
                0x0800488c                EE_CORTEX_MX_TIM1_UP_TIM10_ISR
                0x0800488c                EE_CORTEX_MX_CAN1_RX0_ISR
                0x0800488c                EE_CORTEX_MX_USART1_ISR
                0x0800488c                EE_CORTEX_MX_TIM8_CC_ISR
                0x0800488c                EE_CORTEX_MX_RTC_Alarm_ISR
                0x0800488c                EE_CORTEX_MX_EXTI2_ISR
                0x0800488c                EE_CORTEX_MX_OTG_HS_ISR
                0x0800488c                EE_CORTEX_MX_DCMI_ISR
                0x0800488c                EE_CORTEX_MX_DMA2_STREAM0_ISR
                0x0800488c                EE_CORTEX_MX_SPI1_ISR
                0x0800488c                EE_cortex_mx_default_ISR
                0x0800488c                EE_CORTEX_MX_ETH_WKUP_ISR
                0x0800488c                EE_CORTEX_MX_TIM8_TRG_COM_TIM14_ISR
                0x0800488c                EE_CORTEX_MX_USAGE_FAULT_ISR
                0x0800488c                EE_CORTEX_MX_TIM7_ISR
                0x0800488c                EE_CORTEX_MX_TIM2_ISR
                0x0800488c                EE_CORTEX_MX_I2C1_EV_ISR
                0x0800488c                EE_CORTEX_MX_TIM1_TRG_COM_TIM11_ISR
                0x0800488c                EE_CORTEX_MX_UART5_ISR
                0x0800488c                EE_CORTEX_MX_UART4_ISR
                0x0800488c                EE_CORTEX_MX_NMI_ISR
                0x0800488c                EE_CORTEX_MX_TIM3_ISR
                0x0800488c                EE_CORTEX_MX_USART3_ISR
                0x0800488c                EE_CORTEX_MX_DMA2_STREAM4_ISR
                0x0800488c                EE_CORTEX_MX_EXTI4_ISR
                0x0800488c                EE_CORTEX_MX_ADC_ISR
                0x0800488c                EE_CORTEX_MX_OTG_HS_EP1_IN_ISR
                0x0800488c                EE_CORTEX_MX_DMA2_STREAM1_ISR
                0x0800488c                EE_CORTEX_MX_CAN1_TX_ISR
                0x0800488c                EE_CORTEX_MX_USART2_ISR
                0x0800488c                EE_CORTEX_MX_SDIO_ISR
                0x0800488c                EE_CORTEX_MX_I2C2_ER_ISR
                0x0800488c                EE_CORTEX_MX_I2C3_EV_ISR
                0x0800488c                EE_CORTEX_MX_HARD_FAULT_ISR
                0x0800488c                EE_CORTEX_MX_DMA1_STREAM3_ISR
                0x0800488c                EE_CORTEX_MX_OTG_HS_EP1_OUT_ISR
                0x0800488c                EE_CORTEX_MX_TIM8_BRK_TIM12_ISR
                0x0800488c                EE_CORTEX_MX_CAN1_SCE_ISR
                0x0800488c                EE_CORTEX_MX_DMA1_STREAM1_ISR
                0x0800488c                EE_CORTEX_MX_TIM4_ISR
                0x0800488c                EE_CORTEX_MX_DMA2_STREAM3_ISR
                0x0800488c                EE_CORTEX_MX_ETH_ISR
                0x0800488c                EE_CORTEX_MX_OTG_FS_ISR
                0x0800488c                EE_CORTEX_MX_CAN2_RX0_ISR
                0x0800488c                EE_CORTEX_MX_CAN2_SCE_ISR
                0x0800488c                EE_CORTEX_MX_FPU_ISR
                0x0800488c                EE_CORTEX_MX_RTC_WKUP_ISR
                0x0800488c                EE_CORTEX_MX_TIM8_UP_TIM13_ISR
                0x0800488c                EE_CORTEX_MX_OTG_FS_WKUP_ISR
                0x0800488c                EE_CORTEX_MX_DMA1_STREAM2_ISR
                0x0800488c                EE_CORTEX_MX_EXTI9_5_ISR
                0x0800488c                EE_CORTEX_MX_EXTI3_ISR
                0x0800488c                EE_CORTEX_MX_EXTI0_ISR
                0x0800488c                EE_CORTEX_MX_I2C1_ER_ISR
                0x0800488c                EE_CORTEX_MX_FLASH_ISR
                0x0800488c                EE_CORTEX_MX_OTG_HS_WKUP_ISR
                0x0800488c                EE_CORTEX_MX_TIM1_BRK_TIM9_ISR
                0x0800488c                EE_CORTEX_MX_I2C3_ER_ISR
                0x0800488c                EE_CORTEX_MX_TIM1_CC_ISR
                0x0800488c                EE_CORTEX_MX_SPI3_ISR
                0x0800488c                EE_CORTEX_MX_EXTI15_10_ISR
                0x0800488c                EE_CORTEX_MX_CAN2_TX_ISR
                0x0800488c                EE_CORTEX_MX_RCC_ISR
                0x0800488c                EE_CORTEX_MX_FSMC_ISR
                0x0800488c                EE_CORTEX_MX_DMA2_STREAM2_ISR
                0x0800488c                EE_CORTEX_MX_DMA2_STREAM7_ISR
                0x0800488c                EE_CORTEX_MX_EXTI1_ISR
                0x0800488c                EE_CORTEX_MX_DEBUG_MONITOR_ISR
                0x0800488c                EE_CORTEX_MX_WWDG_ISR
                0x0800488c                EE_CORTEX_MX_MPU_FAULT_ISR
                0x0800488c                EE_CORTEX_MX_HASH_RNG_ISR
                0x0800488c                EE_CORTEX_MX_DMA2_STREAM6_ISR
                0x0800488c                EE_CORTEX_MX_TIM5_ISR
                0x0800488c                EE_CORTEX_MX_DMA1_STREAM0_ISR
                0x0800488c                EE_CORTEX_MX_TAMP_STAMP_ISR
                0x0800488c                EE_CORTEX_MX_CAN2_RX1_ISR
                0x0800488c                EE_CORTEX_MX_DMA1_Stream7_ISR
 .text._exit    0x08004892        0x6 obj/pkg/mcu/st_stm32_stm32f4xx/src/startup_stm32f4xx_gnu.o
                0x08004892                _exit
 .text          0x08004898      0x244 obj/pkg/mcu/st_stm32_stm32f4xx/src/system_stm32f4xx.o
                0x08004898                SystemInit
                0x080048f0                SystemCoreClockUpdate
 .text          0x08004adc       0x30 libee.a(ee_hal_structs.o)
 .text          0x08004b0c       0x68 libee.a(ee_utils.o)
                0x08004b3c                EE_system_init
 .text          0x08004b74       0x8c libee.a(ee_gnu_change_context_isr.o)
                0x08004b74                EE_set_switch_context_pri
                0x08004b8a                EE_switch_context
                0x08004b92                EE_cortex_mx_pendsv_ISR
                0x08004bc6                EE_cortex_mx_svc_ISR
 .text          0x08004c00      0x108 libee.a(ee_irqendin.o)
                0x08004c50                EE_IRQ_end_instance
                0x08004ce0                EE_IRQ_end_post_stub
 .text          0x08004d08       0x50 libee.a(ee_tstub.o)
                0x08004d38                EE_oo_thread_stub
 .text          0x08004d58       0x30 libee.a(ee_lookup.o)
 .text          0x08004d88       0x74 libee.a(ee_rq_exchg.o)
                0x08004db8                EE_rq2stk_exchange
 .text          0x08004dfc      0x154 libee.a(ee_alsetrel.o)
                0x08004e2c                EE_oo_SetRelAlarm
 .text          0x08004f50      0x44c libee.a(ee_altick.o)
                0x08004f80                EE_oo_counter_object_insert
                0x08005138                EE_oo_IncrementCounterImplementation
                0x08005298                EE_oo_IncrementCounterHardware
                0x080052cc                EE_oo_IncrementCounter
 .text          0x0800539c       0x4c libee.a(ee_context.o)
                0x080053cc                EE_cortex_mx_change_context
 .text          0x080053e8       0x80 libee.a(ee_gnu_oo.o)
                0x080053e8                EE_hal_terminate_savestk
                0x08005430                EE_hal_terminate_task
 .text          0x08005468       0x48 libee.a(ee_tnterm.o)
                0x08005498                EE_thread_not_terminated
 .text          0x080054b0       0xb0 libee.a(ee_rq_inser.o)
                0x080054e0                EE_rq_insert
 .text          0x08005560       0x54 libee.a(ee_context.o)
                0x08005590                EE_std_run_task_code
 .text          0x080055b4      0x190 libee.a(ee_thendin.o)
                0x08005604                EE_thread_end_instance
 .text          0x08005744      0x70c libstm32f4xxspd.a(stm32f4xx_dma.o)
                0x08005744                DMA_DeInit
                0x080058e8                DMA_Init
                0x08005994                DMA_StructInit
                0x08005a00                DMA_Cmd
                0x08005a38                DMA_PeriphIncOffsetSizeConfig
                0x08005a6c                DMA_FlowControllerConfig
                0x08005aa0                DMA_SetCurrDataCounter
                0x08005abc                DMA_GetCurrDataCounter
                0x08005ad8                DMA_DoubleBufferModeConfig
                0x08005b14                DMA_DoubleBufferModeCmd
                0x08005b4c                DMA_MemoryTargetConfig
                0x08005b78                DMA_GetCurrentMemoryTarget
                0x08005ba8                DMA_GetCmdStatus
                0x08005bd8                DMA_GetFIFOStatus
                0x08005bfc                DMA_GetFlagStatus
                0x08005c74                DMA_ClearFlag
                0x08005cd0                DMA_ITConfig
                0x08005d44                DMA_GetITStatus
                0x08005df4                DMA_ClearITPendingBit
 .text          0x08005e50      0x94c libstm32f4xxspd.a(stm32f4xx_fsmc.o)
                0x08005e50                FSMC_NORSRAMDeInit
                0x08005ea8                FSMC_NORSRAMInit
                0x08005fdc                FSMC_NORSRAMStructInit
                0x080060b0                FSMC_NORSRAMCmd
                0x08006104                FSMC_NANDDeInit
                0x08006160                FSMC_NANDInit
                0x0800622c                FSMC_NANDStructInit
                0x080062a8                FSMC_NANDCmd
                0x08006314                FSMC_NANDECCCmd
                0x08006380                FSMC_GetECC
                0x080063b8                FSMC_PCCARDDeInit
                0x080063ec                FSMC_PCCARDInit
                0x08006498                FSMC_PCCARDStructInit
                0x0800651c                FSMC_PCCARDCmd
                0x08006558                FSMC_ITConfig
                0x080065f8                FSMC_GetFlagStatus
                0x0800665c                FSMC_ClearFlag
                0x080066b8                FSMC_GetITStatus
                0x08006738                FSMC_ClearITPendingBit
 .text          0x0800679c      0x488 libstm32f4xxspd.a(stm32f4xx_gpio.o)
                0x0800679c                GPIO_DeInit
                0x080068bc                GPIO_Init
                0x080069d8                GPIO_StructInit
                0x08006a0c                GPIO_PinLockConfig
                0x08006a50                GPIO_ReadInputDataBit
                0x08006a84                GPIO_ReadInputData
                0x08006aa0                GPIO_ReadOutputDataBit
                0x08006ad4                GPIO_ReadOutputData
                0x08006af0                GPIO_SetBits
                0x08006b0c                GPIO_ResetBits
                0x08006b28                GPIO_WriteBit
                0x08006b58                GPIO_Write
                0x08006b74                GPIO_ToggleBits
                0x08006b98                GPIO_PinAFConfig
 .text          0x08006c24      0x988 libstm32f4xxspd.a(stm32f4xx_i2c.o)
                0x08006c24                I2C_DeInit
                0x08006c98                I2C_Init
                0x08006e1c                I2C_StructInit
                0x08006e58                I2C_Cmd
                0x08006e98                I2C_GenerateSTART
                0x08006ed8                I2C_GenerateSTOP
                0x08006f18                I2C_Send7bitAddress
                0x08006f54                I2C_AcknowledgeConfig
                0x08006f94                I2C_OwnAddress2Config
                0x08006fd4                I2C_DualAddressCmd
                0x08007014                I2C_GeneralCallCmd
                0x08007054                I2C_SoftwareResetCmd
                0x08007098                I2C_StretchClockCmd
                0x080070d8                I2C_FastModeDutyCycleConfig
                0x08007118                I2C_NACKPositionConfig
                0x08007158                I2C_SMBusAlertConfig
                0x08007198                I2C_ARPCmd
                0x080071d8                I2C_SendData
                0x080071f8                I2C_ReceiveData
                0x08007214                I2C_TransmitPEC
                0x08007254                I2C_PECPositionConfig
                0x08007294                I2C_CalculatePEC
                0x080072d4                I2C_GetPEC
                0x080072f4                I2C_DMACmd
                0x08007334                I2C_DMALastTransferCmd
                0x08007374                I2C_ReadRegister
                0x080073a4                I2C_ITConfig
                0x080073ec                I2C_CheckEvent
                0x0800744c                I2C_GetLastEvent
                0x08007490                I2C_GetFlagStatus
                0x080074f8                I2C_ClearFlag
                0x08007524                I2C_GetITStatus
                0x08007580                I2C_ClearITPendingBit
 .text          0x080075ac      0xa7c libstm32f4xxspd.a(stm32f4xx_rcc.o)
                0x080075ac                RCC_DeInit
                0x080075fc                RCC_HSEConfig
                0x08007620                RCC_WaitForHSEStartUp
                0x08007670                RCC_AdjustHSICalibrationValue
                0x080076ac                RCC_HSICmd
                0x080076cc                RCC_LSEConfig
                0x0800770c                RCC_LSICmd
                0x0800772c                RCC_PLLConfig
                0x08007768                RCC_PLLCmd
                0x08007788                RCC_PLLI2SConfig
                0x080077b0                RCC_PLLI2SCmd
                0x080077d0                RCC_ClockSecuritySystemCmd
                0x080077f0                RCC_MCO1Config
                0x0800782c                RCC_MCO2Config
                0x08007868                RCC_SYSCLKConfig
                0x080078a0                RCC_GetSYSCLKSource
                0x080078c0                RCC_HCLKConfig
                0x080078f8                RCC_PCLK1Config
                0x08007930                RCC_PCLK2Config
                0x08007968                RCC_GetClocksFreq
                0x08007abc                RCC_RTCCLKConfig
                0x08007b18                RCC_RTCCLKCmd
                0x08007b38                RCC_BackupResetCmd
                0x08007b58                RCC_I2SCLKConfig
                0x08007b74                RCC_AHB1PeriphClockCmd
                0x08007bb0                RCC_AHB2PeriphClockCmd
                0x08007bec                RCC_AHB3PeriphClockCmd
                0x08007c28                RCC_APB1PeriphClockCmd
                0x08007c64                RCC_APB2PeriphClockCmd
                0x08007ca0                RCC_AHB1PeriphResetCmd
                0x08007cdc                RCC_AHB2PeriphResetCmd
                0x08007d18                RCC_AHB3PeriphResetCmd
                0x08007d54                RCC_APB1PeriphResetCmd
                0x08007d90                RCC_APB2PeriphResetCmd
                0x08007dcc                RCC_AHB1PeriphClockLPModeCmd
                0x08007e08                RCC_AHB2PeriphClockLPModeCmd
                0x08007e44                RCC_AHB3PeriphClockLPModeCmd
                0x08007e80                RCC_APB1PeriphClockLPModeCmd
                0x08007ebc                RCC_APB2PeriphClockLPModeCmd
                0x08007ef8                RCC_ITConfig
                0x08007f40                RCC_GetFlagStatus
                0x08007fb4                RCC_ClearFlag
                0x08007fd0                RCC_GetITStatus
                0x08008008                RCC_ClearITPendingBit
 .text          0x08008028      0x370 c:/gnutoolsarmembedded/4.8_2014q3/bin/../lib/gcc/arm-none-eabi/4.8.4/armv7e-m\libgcc.a(_arm_addsubdf3.o)
                0x08008028                __aeabi_drsub
                0x08008030                __aeabi_dsub
                0x08008030                __subdf3
                0x08008034                __aeabi_dadd
                0x08008034                __adddf3
                0x080082ac                __floatunsidf
                0x080082ac                __aeabi_ui2d
                0x080082cc                __floatsidf
                0x080082cc                __aeabi_i2d
                0x080082f0                __aeabi_f2d
                0x080082f0                __extendsfdf2
                0x0800832c                __floatundidf
                0x0800832c                __aeabi_ul2d
                0x0800833c                __floatdidf
                0x0800833c                __aeabi_l2d
 .text          0x08008398      0x424 c:/gnutoolsarmembedded/4.8_2014q3/bin/../lib/gcc/arm-none-eabi/4.8.4/armv7e-m\libgcc.a(_arm_muldivdf3.o)
                0x08008398                __aeabi_dmul
                0x08008398                __muldf3
                0x080085ec                __divdf3
                0x080085ec                __aeabi_ddiv
 .text          0x080087bc      0x110 c:/gnutoolsarmembedded/4.8_2014q3/bin/../lib/gcc/arm-none-eabi/4.8.4/armv7e-m\libgcc.a(_arm_cmpdf2.o)
                0x080087bc                __gtdf2
                0x080087bc                __gedf2
                0x080087c4                __ltdf2
                0x080087c4                __ledf2
                0x080087cc                __nedf2
                0x080087cc                __eqdf2
                0x080087cc                __cmpdf2
                0x08008848                __aeabi_cdrcmple
                0x08008858                __aeabi_cdcmpeq
                0x08008858                __aeabi_cdcmple
                0x08008868                __aeabi_dcmpeq
                0x0800887c                __aeabi_dcmplt
                0x08008890                __aeabi_dcmple
                0x080088a4                __aeabi_dcmpge
                0x080088b8                __aeabi_dcmpgt
 .text          0x080088cc       0x50 c:/gnutoolsarmembedded/4.8_2014q3/bin/../lib/gcc/arm-none-eabi/4.8.4/armv7e-m\libgcc.a(_arm_fixdfsi.o)
                0x080088cc                __aeabi_d2iz
                0x080088cc                __fixdfsi
 .text          0x0800891c      0x21c c:/gnutoolsarmembedded/4.8_2014q3/bin/../lib/gcc/arm-none-eabi/4.8.4/armv7e-m\libgcc.a(_arm_addsubsf3.o)
                0x0800891c                __aeabi_frsub
                0x08008924                __subsf3
                0x08008924                __aeabi_fsub
                0x08008928                __aeabi_fadd
                0x08008928                __addsf3
                0x08008a88                __aeabi_ui2f
                0x08008a88                __floatunsisf
                0x08008a90                __aeabi_i2f
                0x08008a90                __floatsisf
                0x08008aac                __aeabi_ul2f
                0x08008aac                __floatundisf
                0x08008abc                __aeabi_l2f
                0x08008abc                __floatdisf
 .text          0x08008b38      0x2a0 c:/gnutoolsarmembedded/4.8_2014q3/bin/../lib/gcc/arm-none-eabi/4.8.4/armv7e-m\libgcc.a(_arm_muldivsf3.o)
                0x08008b38                __mulsf3
                0x08008b38                __aeabi_fmul
                0x08008ca0                __aeabi_fdiv
                0x08008ca0                __divsf3
 .text          0x08008dd8       0x4c c:/gnutoolsarmembedded/4.8_2014q3/bin/../lib/gcc/arm-none-eabi/4.8.4/armv7e-m\libgcc.a(_arm_fixsfsi.o)
                0x08008dd8                __aeabi_f2iz
                0x08008dd8                __fixsfsi
 .text          0x08008e24       0x40 c:/gnutoolsarmembedded/4.8_2014q3/bin/../lib/gcc/arm-none-eabi/4.8.4/armv7e-m\libgcc.a(_arm_fixunssfsi.o)
                0x08008e24                __fixunssfsi
                0x08008e24                __aeabi_f2uiz
 .text          0x08008e64        0x0 C:\GNUToolsARMEmbedded\4.8_2014q3\arm-none-eabi\lib\thumb\libc.a(lib_a-exit.o)
 .text.exit     0x08008e64       0x28 C:\GNUToolsARMEmbedded\4.8_2014q3\arm-none-eabi\lib\thumb\libc.a(lib_a-exit.o)
                0x08008e64                exit
 .text          0x08008e8c        0x0 C:\GNUToolsARMEmbedded\4.8_2014q3\arm-none-eabi\lib\thumb\libc.a(lib_a-impure.o)
 .text          0x08008e8c        0x0 C:\GNUToolsARMEmbedded\4.8_2014q3\arm-none-eabi\lib\thumb\libc.a(lib_a-init.o)
 .text.__libc_init_array
                0x08008e8c       0x58 C:\GNUToolsARMEmbedded\4.8_2014q3\arm-none-eabi\lib\thumb\libc.a(lib_a-init.o)
                0x08008e8c                __libc_init_array
 .text          0x08008ee4        0x0 C:\GNUToolsARMEmbedded\4.8_2014q3\arm-none-eabi\lib\thumb\libc.a(lib_a-memset.o)
 .text.memset   0x08008ee4       0xa4 C:\GNUToolsARMEmbedded\4.8_2014q3\arm-none-eabi\lib\thumb\libc.a(lib_a-memset.o)
                0x08008ee4                memset
 .text          0x08008f88        0x0 C:\GNUToolsARMEmbedded\4.8_2014q3\arm-none-eabi\lib\thumb\libc.a(lib_a-sprintf.o)
 .text._sprintf_r
                0x08008f88       0x40 C:\GNUToolsARMEmbedded\4.8_2014q3\arm-none-eabi\lib\thumb\libc.a(lib_a-sprintf.o)
                0x08008f88                _sprintf_r
 .text.sprintf  0x08008fc8       0x44 C:\GNUToolsARMEmbedded\4.8_2014q3\arm-none-eabi\lib\thumb\libc.a(lib_a-sprintf.o)
                0x08008fc8                sprintf
 .text          0x0800900c        0x0 C:\GNUToolsARMEmbedded\4.8_2014q3\arm-none-eabi\lib\thumb\libc.a(lib_a-svfprintf.o)
 *fill*         0x0800900c        0x4 
 .text._svfprintf_r
                0x08009010     0x14f0 C:\GNUToolsARMEmbedded\4.8_2014q3\arm-none-eabi\lib\thumb\libc.a(lib_a-svfprintf.o)
                0x08009010                _svfprintf_r
 .text          0x0800a500        0x0 C:\GNUToolsARMEmbedded\4.8_2014q3\arm-none-eabi\lib\thumb\libc.a(lib_a-__call_atexit.o)
 .text.startup.register_fini
                0x0800a500       0x1c C:\GNUToolsARMEmbedded\4.8_2014q3\arm-none-eabi\lib\thumb\libc.a(lib_a-__call_atexit.o)
 .text.__call_exitprocs
                0x0800a51c      0x128 C:\GNUToolsARMEmbedded\4.8_2014q3\arm-none-eabi\lib\thumb\libc.a(lib_a-__call_atexit.o)
                0x0800a51c                __call_exitprocs
 .text          0x0800a644        0x0 C:\GNUToolsARMEmbedded\4.8_2014q3\arm-none-eabi\lib\thumb\libc.a(lib_a-atexit.o)
 .text.atexit   0x0800a644       0x14 C:\GNUToolsARMEmbedded\4.8_2014q3\arm-none-eabi\lib\thumb\libc.a(lib_a-atexit.o)
                0x0800a644                atexit
 .text          0x0800a658        0x0 C:\GNUToolsARMEmbedded\4.8_2014q3\arm-none-eabi\lib\thumb\libc.a(lib_a-dtoa.o)
 .text.quorem   0x0800a658      0x154 C:\GNUToolsARMEmbedded\4.8_2014q3\arm-none-eabi\lib\thumb\libc.a(lib_a-dtoa.o)
 *fill*         0x0800a7ac        0x4 
 .text._dtoa_r  0x0800a7b0      0xfe8 C:\GNUToolsARMEmbedded\4.8_2014q3\arm-none-eabi\lib\thumb\libc.a(lib_a-dtoa.o)
                0x0800a7b0                _dtoa_r
 .text          0x0800b798        0x0 C:\GNUToolsARMEmbedded\4.8_2014q3\arm-none-eabi\lib\thumb\libc.a(lib_a-fini.o)
 .text.__libc_fini_array
                0x0800b798       0x38 C:\GNUToolsARMEmbedded\4.8_2014q3\arm-none-eabi\lib\thumb\libc.a(lib_a-fini.o)
                0x0800b798                __libc_fini_array
 .text          0x0800b7d0        0x0 C:\GNUToolsARMEmbedded\4.8_2014q3\arm-none-eabi\lib\thumb\libc.a(lib_a-locale.o)
 .text._setlocale_r
                0x0800b7d0       0x48 C:\GNUToolsARMEmbedded\4.8_2014q3\arm-none-eabi\lib\thumb\libc.a(lib_a-locale.o)
                0x0800b7d0                _setlocale_r
 .text.__locale_charset
                0x0800b818        0x8 C:\GNUToolsARMEmbedded\4.8_2014q3\arm-none-eabi\lib\thumb\libc.a(lib_a-locale.o)
                0x0800b818                __locale_charset
 .text.__locale_mb_cur_max
                0x0800b820        0xc C:\GNUToolsARMEmbedded\4.8_2014q3\arm-none-eabi\lib\thumb\libc.a(lib_a-locale.o)
                0x0800b820                __locale_mb_cur_max
 .text.__locale_msgcharset
                0x0800b82c        0x8 C:\GNUToolsARMEmbedded\4.8_2014q3\arm-none-eabi\lib\thumb\libc.a(lib_a-locale.o)
                0x0800b82c                __locale_msgcharset
 .text.__locale_cjk_lang
                0x0800b834        0x4 C:\GNUToolsARMEmbedded\4.8_2014q3\arm-none-eabi\lib\thumb\libc.a(lib_a-locale.o)
                0x0800b834                __locale_cjk_lang
 .text._localeconv_r
                0x0800b838        0x8 C:\GNUToolsARMEmbedded\4.8_2014q3\arm-none-eabi\lib\thumb\libc.a(lib_a-locale.o)
                0x0800b838                _localeconv_r
 .text.setlocale
                0x0800b840       0x1c C:\GNUToolsARMEmbedded\4.8_2014q3\arm-none-eabi\lib\thumb\libc.a(lib_a-locale.o)
                0x0800b840                setlocale
 .text.localeconv
                0x0800b85c        0x8 C:\GNUToolsARMEmbedded\4.8_2014q3\arm-none-eabi\lib\thumb\libc.a(lib_a-locale.o)
                0x0800b85c                localeconv
 .text          0x0800b864        0x0 C:\GNUToolsARMEmbedded\4.8_2014q3\arm-none-eabi\lib\thumb\libc.a(lib_a-mallocr.o)
 .text._malloc_r
                0x0800b864      0x518 C:\GNUToolsARMEmbedded\4.8_2014q3\arm-none-eabi\lib\thumb\libc.a(lib_a-mallocr.o)
                0x0800b864                _malloc_r
 .text          0x0800bd7c        0x0 C:\GNUToolsARMEmbedded\4.8_2014q3\arm-none-eabi\lib\thumb\libc.a(lib_a-memchr-stub.o)
 .text.memchr   0x0800bd7c       0x8c C:\GNUToolsARMEmbedded\4.8_2014q3\arm-none-eabi\lib\thumb\libc.a(lib_a-memchr-stub.o)
                0x0800bd7c                memchr
 .text          0x0800be08        0x0 C:\GNUToolsARMEmbedded\4.8_2014q3\arm-none-eabi\lib\thumb\libc.a(lib_a-memcpy-stub.o)
 .text.memcpy   0x0800be08       0x88 C:\GNUToolsARMEmbedded\4.8_2014q3\arm-none-eabi\lib\thumb\libc.a(lib_a-memcpy-stub.o)
                0x0800be08                memcpy
 .text          0x0800be90        0x0 C:\GNUToolsARMEmbedded\4.8_2014q3\arm-none-eabi\lib\thumb\libc.a(lib_a-mlock.o)
 .text.__malloc_lock
                0x0800be90        0x4 C:\GNUToolsARMEmbedded\4.8_2014q3\arm-none-eabi\lib\thumb\libc.a(lib_a-mlock.o)
                0x0800be90                __malloc_lock
 .text.__malloc_unlock
                0x0800be94        0x4 C:\GNUToolsARMEmbedded\4.8_2014q3\arm-none-eabi\lib\thumb\libc.a(lib_a-mlock.o)
                0x0800be94                __malloc_unlock
 .text          0x0800be98        0x0 C:\GNUToolsARMEmbedded\4.8_2014q3\arm-none-eabi\lib\thumb\libc.a(lib_a-mprec.o)
 .text._Balloc  0x0800be98       0x54 C:\GNUToolsARMEmbedded\4.8_2014q3\arm-none-eabi\lib\thumb\libc.a(lib_a-mprec.o)
                0x0800be98                _Balloc
 .text._Bfree   0x0800beec       0x14 C:\GNUToolsARMEmbedded\4.8_2014q3\arm-none-eabi\lib\thumb\libc.a(lib_a-mprec.o)
                0x0800beec                _Bfree
 .text.__multadd
                0x0800bf00       0xac C:\GNUToolsARMEmbedded\4.8_2014q3\arm-none-eabi\lib\thumb\libc.a(lib_a-mprec.o)
                0x0800bf00                __multadd
 .text.__s2b    0x0800bfac       0x9c C:\GNUToolsARMEmbedded\4.8_2014q3\arm-none-eabi\lib\thumb\libc.a(lib_a-mprec.o)
                0x0800bfac                __s2b
 .text.__hi0bits
                0x0800c048       0x3c C:\GNUToolsARMEmbedded\4.8_2014q3\arm-none-eabi\lib\thumb\libc.a(lib_a-mprec.o)
                0x0800c048                __hi0bits
 .text.__lo0bits
                0x0800c084       0x5c C:\GNUToolsARMEmbedded\4.8_2014q3\arm-none-eabi\lib\thumb\libc.a(lib_a-mprec.o)
                0x0800c084                __lo0bits
 .text.__i2b    0x0800c0e0       0x18 C:\GNUToolsARMEmbedded\4.8_2014q3\arm-none-eabi\lib\thumb\libc.a(lib_a-mprec.o)
                0x0800c0e0                __i2b
 .text.__multiply
                0x0800c0f8      0x148 C:\GNUToolsARMEmbedded\4.8_2014q3\arm-none-eabi\lib\thumb\libc.a(lib_a-mprec.o)
                0x0800c0f8                __multiply
 .text.__pow5mult
                0x0800c240       0xbc C:\GNUToolsARMEmbedded\4.8_2014q3\arm-none-eabi\lib\thumb\libc.a(lib_a-mprec.o)
                0x0800c240                __pow5mult
 .text.__lshift
                0x0800c2fc       0xc4 C:\GNUToolsARMEmbedded\4.8_2014q3\arm-none-eabi\lib\thumb\libc.a(lib_a-mprec.o)
                0x0800c2fc                __lshift
 .text.__mcmp   0x0800c3c0       0x3c C:\GNUToolsARMEmbedded\4.8_2014q3\arm-none-eabi\lib\thumb\libc.a(lib_a-mprec.o)
                0x0800c3c0                __mcmp
 .text.__mdiff  0x0800c3fc       0xec C:\GNUToolsARMEmbedded\4.8_2014q3\arm-none-eabi\lib\thumb\libc.a(lib_a-mprec.o)
                0x0800c3fc                __mdiff
 .text.__ulp    0x0800c4e8       0x48 C:\GNUToolsARMEmbedded\4.8_2014q3\arm-none-eabi\lib\thumb\libc.a(lib_a-mprec.o)
                0x0800c4e8                __ulp
 .text.__b2d    0x0800c530       0xb0 C:\GNUToolsARMEmbedded\4.8_2014q3\arm-none-eabi\lib\thumb\libc.a(lib_a-mprec.o)
                0x0800c530                __b2d
 .text.__d2b    0x0800c5e0       0xc0 C:\GNUToolsARMEmbedded\4.8_2014q3\arm-none-eabi\lib\thumb\libc.a(lib_a-mprec.o)
                0x0800c5e0                __d2b
 .text.__ratio  0x0800c6a0       0x74 C:\GNUToolsARMEmbedded\4.8_2014q3\arm-none-eabi\lib\thumb\libc.a(lib_a-mprec.o)
                0x0800c6a0                __ratio
 *fill*         0x0800c714        0x4 
 .text._mprec_log10
                0x0800c718       0x48 C:\GNUToolsARMEmbedded\4.8_2014q3\arm-none-eabi\lib\thumb\libc.a(lib_a-mprec.o)
                0x0800c718                _mprec_log10
 .text.__copybits
                0x0800c760       0x44 C:\GNUToolsARMEmbedded\4.8_2014q3\arm-none-eabi\lib\thumb\libc.a(lib_a-mprec.o)
                0x0800c760                __copybits
 .text.__any_on
                0x0800c7a4       0x64 C:\GNUToolsARMEmbedded\4.8_2014q3\arm-none-eabi\lib\thumb\libc.a(lib_a-mprec.o)
                0x0800c7a4                __any_on
 .text          0x0800c808        0x0 C:\GNUToolsARMEmbedded\4.8_2014q3\arm-none-eabi\lib\thumb\libc.a(lib_a-s_fpclassify.o)
 .text.__fpclassifyd
                0x0800c808       0x5c C:\GNUToolsARMEmbedded\4.8_2014q3\arm-none-eabi\lib\thumb\libc.a(lib_a-s_fpclassify.o)
                0x0800c808                __fpclassifyd
 .text          0x0800c864        0x0 C:\GNUToolsARMEmbedded\4.8_2014q3\arm-none-eabi\lib\thumb\libc.a(lib_a-sbrkr.o)
 .text._sbrk_r  0x0800c864       0x28 C:\GNUToolsARMEmbedded\4.8_2014q3\arm-none-eabi\lib\thumb\libc.a(lib_a-sbrkr.o)
                0x0800c864                _sbrk_r
 .text          0x0800c88c       0x14 C:\GNUToolsARMEmbedded\4.8_2014q3\arm-none-eabi\lib\thumb\libc.a(lib_a-strcmp.o)
                0x0800c88c                strcmp
 .text          0x0800c8a0        0x0 C:\GNUToolsARMEmbedded\4.8_2014q3\arm-none-eabi\lib\thumb\libc.a(lib_a-strlen.o)
 .text.strlen   0x0800c8a0       0x10 C:\GNUToolsARMEmbedded\4.8_2014q3\arm-none-eabi\lib\thumb\libc.a(lib_a-strlen.o)
                0x0800c8a0                strlen
 .text          0x0800c8b0        0x0 C:\GNUToolsARMEmbedded\4.8_2014q3\arm-none-eabi\lib\thumb\libc.a(lib_a-svfiprintf.o)
 .text.__ssprint_r
                0x0800c8b0      0x130 C:\GNUToolsARMEmbedded\4.8_2014q3\arm-none-eabi\lib\thumb\libc.a(lib_a-svfiprintf.o)
                0x0800c8b0                __ssprint_r
 .text._svfiprintf_r
                0x0800c9e0      0xa84 C:\GNUToolsARMEmbedded\4.8_2014q3\arm-none-eabi\lib\thumb\libc.a(lib_a-svfiprintf.o)
                0x0800c9e0                _svfiprintf_r
 .text          0x0800d464        0x0 C:\GNUToolsARMEmbedded\4.8_2014q3\arm-none-eabi\lib\thumb\libc.a(lib_a-__atexit.o)
 .text.__register_exitproc
                0x0800d464       0xc4 C:\GNUToolsARMEmbedded\4.8_2014q3\arm-none-eabi\lib\thumb\libc.a(lib_a-__atexit.o)
                0x0800d464                __register_exitproc
 .text          0x0800d528        0x0 C:\GNUToolsARMEmbedded\4.8_2014q3\arm-none-eabi\lib\thumb\libc.a(lib_a-callocr.o)
 .text._calloc_r
                0x0800d528       0x64 C:\GNUToolsARMEmbedded\4.8_2014q3\arm-none-eabi\lib\thumb\libc.a(lib_a-callocr.o)
                0x0800d528                _calloc_r
 .text          0x0800d58c        0x0 C:\GNUToolsARMEmbedded\4.8_2014q3\arm-none-eabi\lib\thumb\libc.a(lib_a-freer.o)
 .text._malloc_trim_r
                0x0800d58c       0xa4 C:\GNUToolsARMEmbedded\4.8_2014q3\arm-none-eabi\lib\thumb\libc.a(lib_a-freer.o)
                0x0800d58c                _malloc_trim_r
 .text._free_r  0x0800d630      0x194 C:\GNUToolsARMEmbedded\4.8_2014q3\arm-none-eabi\lib\thumb\libc.a(lib_a-freer.o)
                0x0800d630                _free_r
 .text          0x0800d7c4        0x0 C:\GNUToolsARMEmbedded\4.8_2014q3\arm-none-eabi\lib\thumb\libc.a(lib_a-memmove.o)
 .text.memmove  0x0800d7c4       0xa8 C:\GNUToolsARMEmbedded\4.8_2014q3\arm-none-eabi\lib\thumb\libc.a(lib_a-memmove.o)
                0x0800d7c4                memmove
 .text          0x0800d86c        0x0 C:\GNUToolsARMEmbedded\4.8_2014q3\arm-none-eabi\lib\thumb\libc.a(lib_a-reallocr.o)
 .text._realloc_r
                0x0800d86c      0x36c C:\GNUToolsARMEmbedded\4.8_2014q3\arm-none-eabi\lib\thumb\libc.a(lib_a-reallocr.o)
                0x0800d86c                _realloc_r
 .text          0x0800dbd8        0x0 C:\GNUToolsARMEmbedded\4.8_2014q3\arm-none-eabi\lib\thumb\libc.a(lib_a-reent.o)
 .text.cleanup_glue
                0x0800dbd8       0x20 C:\GNUToolsARMEmbedded\4.8_2014q3\arm-none-eabi\lib\thumb\libc.a(lib_a-reent.o)
                0x0800dbd8                cleanup_glue
 .text._reclaim_reent
                0x0800dbf8       0xac C:\GNUToolsARMEmbedded\4.8_2014q3\arm-none-eabi\lib\thumb\libc.a(lib_a-reent.o)
                0x0800dbf8                _reclaim_reent
 .text          0x0800dca4        0x0 C:\GNUToolsARMEmbedded\4.8_2014q3\arm-none-eabi\lib\thumb\libnosys.a(sbrk.o)
 .text._sbrk    0x0800dca4       0x34 C:\GNUToolsARMEmbedded\4.8_2014q3\arm-none-eabi\lib\thumb\libnosys.a(sbrk.o)
                0x0800dca4                _sbrk
 .text          0x0800dcd8       0x24 c:/gnutoolsarmembedded/4.8_2014q3/bin/../lib/gcc/arm-none-eabi/4.8.4/armv7e-m\libgcc.a(_udivsi3.o)
                0x0800dcd8                __aeabi_uidiv
                0x0800dcd8                __udivsi3
                0x0800dcec                __aeabi_uidivmod
 .text          0x0800dcfc       0x2c c:/gnutoolsarmembedded/4.8_2014q3/bin/../lib/gcc/arm-none-eabi/4.8.4/armv7e-m\libgcc.a(_divsi3.o)
                0x0800dcfc                __divsi3
                0x0800dcfc                __aeabi_idiv
                0x0800dd18                __aeabi_idivmod
 .text          0x0800dd28        0x4 c:/gnutoolsarmembedded/4.8_2014q3/bin/../lib/gcc/arm-none-eabi/4.8.4/armv7e-m\libgcc.a(_dvmd_tls.o)
                0x0800dd28                __aeabi_idiv0
                0x0800dd28                __aeabi_ldiv0
 .text          0x0800dd2c       0x2c c:/gnutoolsarmembedded/4.8_2014q3/bin/../lib/gcc/arm-none-eabi/4.8.4/armv7e-m\libgcc.a(_aeabi_uldivmod.o)
                0x0800dd2c                __aeabi_uldivmod
 .text          0x0800dd58       0x60 c:/gnutoolsarmembedded/4.8_2014q3/bin/../lib/gcc/arm-none-eabi/4.8.4/armv7e-m\libgcc.a(bpabi.o)
                0x0800dd58                __gnu_ldivmod_helper
                0x0800dd88                __gnu_uldivmod_helper
 .text          0x0800ddb8      0x298 c:/gnutoolsarmembedded/4.8_2014q3/bin/../lib/gcc/arm-none-eabi/4.8.4/armv7e-m\libgcc.a(_divdi3.o)
                0x0800ddb8                __divdi3
 .text          0x0800e050      0x284 c:/gnutoolsarmembedded/4.8_2014q3/bin/../lib/gcc/arm-none-eabi/4.8.4/armv7e-m\libgcc.a(_udivdi3.o)
                0x0800e050                __udivdi3
 .text          0x0800e2d4        0x0 c:/gnutoolsarmembedded/4.8_2014q3/bin/../lib/gcc/arm-none-eabi/4.8.4/armv7e-m/crtend.o
 .text          0x0800e2d4        0x0 c:/gnutoolsarmembedded/4.8_2014q3/bin/../lib/gcc/arm-none-eabi/4.8.4/armv7e-m/crtn.o
 *(.init)
 .init          0x0800e2d4        0x4 c:/gnutoolsarmembedded/4.8_2014q3/bin/../lib/gcc/arm-none-eabi/4.8.4/armv7e-m/crti.o
                0x0800e2d4                _init
 .init          0x0800e2d8        0x8 c:/gnutoolsarmembedded/4.8_2014q3/bin/../lib/gcc/arm-none-eabi/4.8.4/armv7e-m/crtn.o
 *(.fini)
 .fini          0x0800e2e0        0x4 c:/gnutoolsarmembedded/4.8_2014q3/bin/../lib/gcc/arm-none-eabi/4.8.4/armv7e-m/crti.o
                0x0800e2e0                _fini
 .fini          0x0800e2e4        0x8 c:/gnutoolsarmembedded/4.8_2014q3/bin/../lib/gcc/arm-none-eabi/4.8.4/armv7e-m/crtn.o
 *crtbegin.o(.ctors)
 *crtbegin.o(.ctors)
 *crtbegin?.o(.ctors)
 *(EXCLUDE_FILE(*crtend.o *crtend?.o) .ctors)
 *(SORT(.ctors.*))
 *(.ctors)
 *crtbegin.o(.dtors)
 *crtbegin?.o(.dtors)
 *(EXCLUDE_FILE(*crtend.o *crtend?.o) .dtors)
 *(SORT(.dtors.*))
 *(.dtors)
 *(.rodata*)
 .rodata        0x0800e2ec     0x29d0 obj/Widget.o
                0x0800e2ec                ASCII16x24_Table
                0x0800f4bc                ASCII12x12_Table
                0x0800fdbc                ASCII8x12_Table
                0x080106bc                ASCII8x8_Table
 .rodata        0x08010cbc       0xd0 obj/WidgetConfig.o
                0x08010cbc                MyWatchScr
 .rodata        0x08010d8c       0x10 obj/code.o
 .rodata        0x08010d9c       0x18 obj/debug.o
 .rodata        0x08010db4       0x6c obj/eecfg.o
                0x08010db4                EE_hal_thread_body
                0x08010dbc                EE_terminate_real_th_body
                0x08010dc4                EE_th_ready_prio
                0x08010dcc                EE_th_dispatch_prio
                0x08010dd4                EE_counter_ROM
                0x08010de0                EE_alarm_ROM
                0x08010de8                EE_oo_counter_object_ROM
                0x08010e00                EE_oo_action_ROM
 .rodata        0x08010e20    0x30a0c obj/pictures.o
                0x08010e20                ImageBuffer
                0x08036658                icontime_on
                0x08037018                icontime_off
                0x08037d24                icontimeset_on
                0x08038a30                icontimeset_off
                0x0803973c                iconalarm_on
                0x0803a438                iconalarm_off
                0x0803b134                iconswatch_on
                0x0803bd2c                iconswatch_off
                0x0803c924                text_bdrop
 .rodata.str1.4
                0x0804182c        0x2 C:\GNUToolsARMEmbedded\4.8_2014q3\arm-none-eabi\lib\thumb\libc.a(lib_a-impure.o)
                                  0x4 (size before relaxing)
 *fill*         0x0804182e        0x2 
 .rodata._global_impure_ptr
                0x08041830        0x4 C:\GNUToolsARMEmbedded\4.8_2014q3\arm-none-eabi\lib\thumb\libc.a(lib_a-impure.o)
                0x08041830                _global_impure_ptr
 .rodata._svfprintf_r
                0x08041834      0x164 C:\GNUToolsARMEmbedded\4.8_2014q3\arm-none-eabi\lib\thumb\libc.a(lib_a-svfprintf.o)
 .rodata.zeroes.6763
                0x08041998       0x10 C:\GNUToolsARMEmbedded\4.8_2014q3\arm-none-eabi\lib\thumb\libc.a(lib_a-svfprintf.o)
 .rodata.str1.4
                0x080419a8       0x42 C:\GNUToolsARMEmbedded\4.8_2014q3\arm-none-eabi\lib\thumb\libc.a(lib_a-svfprintf.o)
                                 0x44 (size before relaxing)
 *fill*         0x080419ea        0x2 
 .rodata.blanks.6762
                0x080419ec       0x10 C:\GNUToolsARMEmbedded\4.8_2014q3\arm-none-eabi\lib\thumb\libc.a(lib_a-svfprintf.o)
 .rodata.str1.4
                0x080419fc       0x10 C:\GNUToolsARMEmbedded\4.8_2014q3\arm-none-eabi\lib\thumb\libc.a(lib_a-dtoa.o)
                                 0x14 (size before relaxing)
 .rodata.str1.4
                0x08041a0c        0xc C:\GNUToolsARMEmbedded\4.8_2014q3\arm-none-eabi\lib\thumb\libc.a(lib_a-locale.o)
                                 0x14 (size before relaxing)
 .rodata.__mprec_tens
                0x08041a18       0xc8 C:\GNUToolsARMEmbedded\4.8_2014q3\arm-none-eabi\lib\thumb\libc.a(lib_a-mprec.o)
                0x08041a18                __mprec_tens
 .rodata.__mprec_bigtens
                0x08041ae0       0x28 C:\GNUToolsARMEmbedded\4.8_2014q3\arm-none-eabi\lib\thumb\libc.a(lib_a-mprec.o)
                0x08041ae0                __mprec_bigtens
 .rodata.__mprec_tinytens
                0x08041b08       0x28 C:\GNUToolsARMEmbedded\4.8_2014q3\arm-none-eabi\lib\thumb\libc.a(lib_a-mprec.o)
                0x08041b08                __mprec_tinytens
 .rodata.p05.5269
                0x08041b30        0xc C:\GNUToolsARMEmbedded\4.8_2014q3\arm-none-eabi\lib\thumb\libc.a(lib_a-mprec.o)
 .rodata._svfiprintf_r
                0x08041b3c      0x164 C:\GNUToolsARMEmbedded\4.8_2014q3\arm-none-eabi\lib\thumb\libc.a(lib_a-svfiprintf.o)
 .rodata.zeroes.6707
                0x08041ca0       0x10 C:\GNUToolsARMEmbedded\4.8_2014q3\arm-none-eabi\lib\thumb\libc.a(lib_a-svfiprintf.o)
 .rodata.str1.4
                0x00000000       0x30 C:\GNUToolsARMEmbedded\4.8_2014q3\arm-none-eabi\lib\thumb\libc.a(lib_a-svfiprintf.o)
 .rodata.blanks.6706
                0x08041cb0       0x10 C:\GNUToolsARMEmbedded\4.8_2014q3\arm-none-eabi\lib\thumb\libc.a(lib_a-svfiprintf.o)
 *(.eh_frame*)
 .eh_frame      0x08041cc0        0x0 c:/gnutoolsarmembedded/4.8_2014q3/bin/../lib/gcc/arm-none-eabi/4.8.4/armv7e-m/crtbegin.o
 .eh_frame      0x08041cc0        0x4 c:/gnutoolsarmembedded/4.8_2014q3/bin/../lib/gcc/arm-none-eabi/4.8.4/armv7e-m/crtend.o

.glue_7         0x08041cc4        0x0
 .glue_7        0x00000000        0x0 linker stubs

.glue_7t        0x08041cc4        0x0
 .glue_7t       0x00000000        0x0 linker stubs

.vfp11_veneer   0x08041cc4        0x0
 .vfp11_veneer  0x00000000        0x0 linker stubs

.v4_bx          0x08041cc4        0x0
 .v4_bx         0x00000000        0x0 linker stubs

.iplt           0x08041cc4        0x0
 .iplt          0x00000000        0x0 c:/gnutoolsarmembedded/4.8_2014q3/bin/../lib/gcc/arm-none-eabi/4.8.4/armv7e-m/crtbegin.o

.ARM.extab      0x08041cc4        0x0
 *(.ARM.extab* .gnu.linkonce.armextab.*)
 .ARM.extab     0x08041cc4        0x0 c:/gnutoolsarmembedded/4.8_2014q3/bin/../lib/gcc/arm-none-eabi/4.8.4/../../../../arm-none-eabi/lib/armv7e-m/crt0.o
 .ARM.extab     0x08041cc4        0x0 c:/gnutoolsarmembedded/4.8_2014q3/bin/../lib/gcc/arm-none-eabi/4.8.4/armv7e-m\libgcc.a(_divdi3.o)
 .ARM.extab     0x08041cc4        0x0 c:/gnutoolsarmembedded/4.8_2014q3/bin/../lib/gcc/arm-none-eabi/4.8.4/armv7e-m\libgcc.a(_udivdi3.o)
                0x08041cc4                __exidx_start = .

.ARM.exidx      0x08041cc4        0x8
 *(.ARM.exidx* .gnu.linkonce.armexidx.*)
 .ARM.exidx     0x08041cc4        0x8 c:/gnutoolsarmembedded/4.8_2014q3/bin/../lib/gcc/arm-none-eabi/4.8.4/../../../../arm-none-eabi/lib/armv7e-m/crt0.o
 .ARM.exidx     0x08041ccc        0x0 c:/gnutoolsarmembedded/4.8_2014q3/bin/../lib/gcc/arm-none-eabi/4.8.4/armv7e-m\libgcc.a(_divdi3.o)
                                  0x8 (size before relaxing)
 .ARM.exidx     0x08041ccc        0x0 c:/gnutoolsarmembedded/4.8_2014q3/bin/../lib/gcc/arm-none-eabi/4.8.4/armv7e-m\libgcc.a(_udivdi3.o)
                                  0x8 (size before relaxing)
                0x08041ccc                __exidx_end = .
                0x08041ccc                __etext = .

.rel.dyn        0x08041ccc        0x0
 .rel.iplt      0x00000000        0x0 c:/gnutoolsarmembedded/4.8_2014q3/bin/../lib/gcc/arm-none-eabi/4.8.4/armv7e-m/crtbegin.o

.data           0x20000000      0x9f0 load address 0x08041ccc
                0x20000000                __data_start__ = .
 *(vtable)
 *(.data*)
 .data          0x20000000        0x0 c:/gnutoolsarmembedded/4.8_2014q3/bin/../lib/gcc/arm-none-eabi/4.8.4/armv7e-m/crti.o
 .data          0x20000000        0x4 c:/gnutoolsarmembedded/4.8_2014q3/bin/../lib/gcc/arm-none-eabi/4.8.4/armv7e-m/crtbegin.o
                0x20000000                __dso_handle
 .data          0x20000004        0x0 c:/gnutoolsarmembedded/4.8_2014q3/bin/../lib/gcc/arm-none-eabi/4.8.4/../../../../arm-none-eabi/lib/armv7e-m/crt0.o
 .data          0x20000004        0x0 obj/Event.o
 .data          0x20000004        0x4 obj/STMPE811QTR.o
                0x20000004                IOE_TimeOut
 .data          0x20000008        0x0 obj/Swatch.o
 .data          0x20000008       0x14 obj/Touch.o
 .data          0x2000001c       0x58 obj/Widget.o
                0x2000001c                Font48x72
                0x20000028                Font32x48
                0x20000034                Font24x36
                0x20000040                Font16x24
                0x2000004c                Font12x12
                0x20000058                Font8x12
                0x20000064                Font8x8
 .data          0x20000074       0x54 obj/WidgetConfig.o
                0x20000074                buttontime
                0x20000080                buttontimeset
                0x2000008c                buttonalarm
                0x20000098                buttonswatch
                0x200000a4                buttonplus
                0x200000b0                buttonminus
                0x200000bc                txt
                0x200000c4                backg
 .data          0x200000c8        0x8 obj/code.o
 .data          0x200000d0        0x0 obj/debug.o
 .data          0x200000d0       0x30 obj/eecfg.o
                0x200000d0                EE_th_status
                0x200000d8                EE_th_next
                0x200000e0                EE_stkfirst
                0x200000e4                EE_th_rnact
                0x200000ec                EE_rq_first
                0x200000f0                EE_th_terminate_nextask
                0x200000f8                EE_counter_RAM
 .data          0x20000100        0x0 obj/pictures.o
 .data          0x20000100        0x0 obj/pkg/mcu/st_stm32_stm32f4xx/src/startup_stm32f4xx_gnu.o
 .data          0x20000100       0x14 obj/pkg/mcu/st_stm32_stm32f4xx/src/system_stm32f4xx.o
                0x20000100                SystemCoreClock
                0x20000104                AHBPrescTable
 .data          0x20000114        0x0 libee.a(ee_hal_structs.o)
 .data          0x20000114        0x0 libee.a(ee_utils.o)
 .data          0x20000114        0x0 libee.a(ee_gnu_change_context_isr.o)
 .data          0x20000114        0x0 libee.a(ee_irqendin.o)
 .data          0x20000114        0x0 libee.a(ee_tstub.o)
 .data          0x20000114        0x0 libee.a(ee_lookup.o)
 .data          0x20000114        0x0 libee.a(ee_rq_exchg.o)
 .data          0x20000114        0x0 libee.a(ee_alsetrel.o)
 .data          0x20000114        0x0 libee.a(ee_altick.o)
 .data          0x20000114        0x0 libee.a(ee_context.o)
 .data          0x20000114        0x0 libee.a(ee_gnu_oo.o)
 .data          0x20000114        0x0 libee.a(ee_tnterm.o)
 .data          0x20000114        0x0 libee.a(ee_rq_inser.o)
 .data          0x20000114        0x0 libee.a(ee_context.o)
 .data          0x20000114        0x0 libee.a(ee_thendin.o)
 .data          0x20000114        0x0 libstm32f4xxspd.a(stm32f4xx_dma.o)
 .data          0x20000114        0x0 libstm32f4xxspd.a(stm32f4xx_fsmc.o)
 .data          0x20000114        0x0 libstm32f4xxspd.a(stm32f4xx_gpio.o)
 .data          0x20000114        0x0 libstm32f4xxspd.a(stm32f4xx_i2c.o)
 .data          0x20000114       0x10 libstm32f4xxspd.a(stm32f4xx_rcc.o)
 .data          0x20000124        0x0 c:/gnutoolsarmembedded/4.8_2014q3/bin/../lib/gcc/arm-none-eabi/4.8.4/armv7e-m\libgcc.a(_arm_addsubdf3.o)
 .data          0x20000124        0x0 c:/gnutoolsarmembedded/4.8_2014q3/bin/../lib/gcc/arm-none-eabi/4.8.4/armv7e-m\libgcc.a(_arm_muldivdf3.o)
 .data          0x20000124        0x0 c:/gnutoolsarmembedded/4.8_2014q3/bin/../lib/gcc/arm-none-eabi/4.8.4/armv7e-m\libgcc.a(_arm_cmpdf2.o)
 .data          0x20000124        0x0 c:/gnutoolsarmembedded/4.8_2014q3/bin/../lib/gcc/arm-none-eabi/4.8.4/armv7e-m\libgcc.a(_arm_fixdfsi.o)
 .data          0x20000124        0x0 c:/gnutoolsarmembedded/4.8_2014q3/bin/../lib/gcc/arm-none-eabi/4.8.4/armv7e-m\libgcc.a(_arm_addsubsf3.o)
 .data          0x20000124        0x0 c:/gnutoolsarmembedded/4.8_2014q3/bin/../lib/gcc/arm-none-eabi/4.8.4/armv7e-m\libgcc.a(_arm_muldivsf3.o)
 .data          0x20000124        0x0 c:/gnutoolsarmembedded/4.8_2014q3/bin/../lib/gcc/arm-none-eabi/4.8.4/armv7e-m\libgcc.a(_arm_fixsfsi.o)
 .data          0x20000124        0x0 c:/gnutoolsarmembedded/4.8_2014q3/bin/../lib/gcc/arm-none-eabi/4.8.4/armv7e-m\libgcc.a(_arm_fixunssfsi.o)
 .data          0x20000124        0x0 C:\GNUToolsARMEmbedded\4.8_2014q3\arm-none-eabi\lib\thumb\libc.a(lib_a-exit.o)
 .data          0x20000124        0x0 C:\GNUToolsARMEmbedded\4.8_2014q3\arm-none-eabi\lib\thumb\libc.a(lib_a-impure.o)
 *fill*         0x20000124        0x4 
 .data.impure_data
                0x20000128      0x428 C:\GNUToolsARMEmbedded\4.8_2014q3\arm-none-eabi\lib\thumb\libc.a(lib_a-impure.o)
 .data._impure_ptr
                0x20000550        0x4 C:\GNUToolsARMEmbedded\4.8_2014q3\arm-none-eabi\lib\thumb\libc.a(lib_a-impure.o)
                0x20000550                _impure_ptr
 .data          0x20000554        0x0 C:\GNUToolsARMEmbedded\4.8_2014q3\arm-none-eabi\lib\thumb\libc.a(lib_a-init.o)
 .data          0x20000554        0x0 C:\GNUToolsARMEmbedded\4.8_2014q3\arm-none-eabi\lib\thumb\libc.a(lib_a-memset.o)
 .data          0x20000554        0x0 C:\GNUToolsARMEmbedded\4.8_2014q3\arm-none-eabi\lib\thumb\libc.a(lib_a-sprintf.o)
 .data          0x20000554        0x0 C:\GNUToolsARMEmbedded\4.8_2014q3\arm-none-eabi\lib\thumb\libc.a(lib_a-svfprintf.o)
 .data          0x20000554        0x0 C:\GNUToolsARMEmbedded\4.8_2014q3\arm-none-eabi\lib\thumb\libc.a(lib_a-__call_atexit.o)
 .data          0x20000554        0x0 C:\GNUToolsARMEmbedded\4.8_2014q3\arm-none-eabi\lib\thumb\libc.a(lib_a-atexit.o)
 .data          0x20000554        0x0 C:\GNUToolsARMEmbedded\4.8_2014q3\arm-none-eabi\lib\thumb\libc.a(lib_a-dtoa.o)
 .data          0x20000554        0x0 C:\GNUToolsARMEmbedded\4.8_2014q3\arm-none-eabi\lib\thumb\libc.a(lib_a-fini.o)
 .data          0x20000554        0x0 C:\GNUToolsARMEmbedded\4.8_2014q3\arm-none-eabi\lib\thumb\libc.a(lib_a-locale.o)
 .data.lc_message_charset
                0x20000554       0x20 C:\GNUToolsARMEmbedded\4.8_2014q3\arm-none-eabi\lib\thumb\libc.a(lib_a-locale.o)
 .data.lconv    0x20000574       0x38 C:\GNUToolsARMEmbedded\4.8_2014q3\arm-none-eabi\lib\thumb\libc.a(lib_a-locale.o)
 .data.lc_ctype_charset
                0x200005ac       0x20 C:\GNUToolsARMEmbedded\4.8_2014q3\arm-none-eabi\lib\thumb\libc.a(lib_a-locale.o)
 .data.__mb_cur_max
                0x200005cc        0x4 C:\GNUToolsARMEmbedded\4.8_2014q3\arm-none-eabi\lib\thumb\libc.a(lib_a-locale.o)
                0x200005cc                __mb_cur_max
 .data          0x200005d0        0x0 C:\GNUToolsARMEmbedded\4.8_2014q3\arm-none-eabi\lib\thumb\libc.a(lib_a-mallocr.o)
 .data.__malloc_av_
                0x200005d0      0x408 C:\GNUToolsARMEmbedded\4.8_2014q3\arm-none-eabi\lib\thumb\libc.a(lib_a-mallocr.o)
                0x200005d0                __malloc_av_
 .data.__malloc_trim_threshold
                0x200009d8        0x4 C:\GNUToolsARMEmbedded\4.8_2014q3\arm-none-eabi\lib\thumb\libc.a(lib_a-mallocr.o)
                0x200009d8                __malloc_trim_threshold
 .data.__malloc_sbrk_base
                0x200009dc        0x4 C:\GNUToolsARMEmbedded\4.8_2014q3\arm-none-eabi\lib\thumb\libc.a(lib_a-mallocr.o)
                0x200009dc                __malloc_sbrk_base
 .data          0x200009e0        0x0 C:\GNUToolsARMEmbedded\4.8_2014q3\arm-none-eabi\lib\thumb\libc.a(lib_a-memchr-stub.o)
 .data          0x200009e0        0x0 C:\GNUToolsARMEmbedded\4.8_2014q3\arm-none-eabi\lib\thumb\libc.a(lib_a-memcpy-stub.o)
 .data          0x200009e0        0x0 C:\GNUToolsARMEmbedded\4.8_2014q3\arm-none-eabi\lib\thumb\libc.a(lib_a-mlock.o)
 .data          0x200009e0        0x0 C:\GNUToolsARMEmbedded\4.8_2014q3\arm-none-eabi\lib\thumb\libc.a(lib_a-mprec.o)
 .data          0x200009e0        0x0 C:\GNUToolsARMEmbedded\4.8_2014q3\arm-none-eabi\lib\thumb\libc.a(lib_a-s_fpclassify.o)
 .data          0x200009e0        0x0 C:\GNUToolsARMEmbedded\4.8_2014q3\arm-none-eabi\lib\thumb\libc.a(lib_a-sbrkr.o)
 .data          0x200009e0        0x0 C:\GNUToolsARMEmbedded\4.8_2014q3\arm-none-eabi\lib\thumb\libc.a(lib_a-strcmp.o)
 .data          0x200009e0        0x0 C:\GNUToolsARMEmbedded\4.8_2014q3\arm-none-eabi\lib\thumb\libc.a(lib_a-strlen.o)
 .data          0x200009e0        0x0 C:\GNUToolsARMEmbedded\4.8_2014q3\arm-none-eabi\lib\thumb\libc.a(lib_a-svfiprintf.o)
 .data          0x200009e0        0x0 C:\GNUToolsARMEmbedded\4.8_2014q3\arm-none-eabi\lib\thumb\libc.a(lib_a-__atexit.o)
 .data          0x200009e0        0x0 C:\GNUToolsARMEmbedded\4.8_2014q3\arm-none-eabi\lib\thumb\libc.a(lib_a-callocr.o)
 .data          0x200009e0        0x0 C:\GNUToolsARMEmbedded\4.8_2014q3\arm-none-eabi\lib\thumb\libc.a(lib_a-freer.o)
 .data          0x200009e0        0x0 C:\GNUToolsARMEmbedded\4.8_2014q3\arm-none-eabi\lib\thumb\libc.a(lib_a-memmove.o)
 .data          0x200009e0        0x0 C:\GNUToolsARMEmbedded\4.8_2014q3\arm-none-eabi\lib\thumb\libc.a(lib_a-reallocr.o)
 .data          0x200009e0        0x0 C:\GNUToolsARMEmbedded\4.8_2014q3\arm-none-eabi\lib\thumb\libc.a(lib_a-reent.o)
 .data          0x200009e0        0x0 C:\GNUToolsARMEmbedded\4.8_2014q3\arm-none-eabi\lib\thumb\libnosys.a(sbrk.o)
 .data          0x200009e0        0x0 c:/gnutoolsarmembedded/4.8_2014q3/bin/../lib/gcc/arm-none-eabi/4.8.4/armv7e-m\libgcc.a(_udivsi3.o)
 .data          0x200009e0        0x0 c:/gnutoolsarmembedded/4.8_2014q3/bin/../lib/gcc/arm-none-eabi/4.8.4/armv7e-m\libgcc.a(_divsi3.o)
 .data          0x200009e0        0x0 c:/gnutoolsarmembedded/4.8_2014q3/bin/../lib/gcc/arm-none-eabi/4.8.4/armv7e-m\libgcc.a(_dvmd_tls.o)
 .data          0x200009e0        0x0 c:/gnutoolsarmembedded/4.8_2014q3/bin/../lib/gcc/arm-none-eabi/4.8.4/armv7e-m\libgcc.a(_aeabi_uldivmod.o)
 .data          0x200009e0        0x0 c:/gnutoolsarmembedded/4.8_2014q3/bin/../lib/gcc/arm-none-eabi/4.8.4/armv7e-m\libgcc.a(bpabi.o)
 .data          0x200009e0        0x0 c:/gnutoolsarmembedded/4.8_2014q3/bin/../lib/gcc/arm-none-eabi/4.8.4/armv7e-m\libgcc.a(_divdi3.o)
 .data          0x200009e0        0x0 c:/gnutoolsarmembedded/4.8_2014q3/bin/../lib/gcc/arm-none-eabi/4.8.4/armv7e-m\libgcc.a(_udivdi3.o)
 .data          0x200009e0        0x0 c:/gnutoolsarmembedded/4.8_2014q3/bin/../lib/gcc/arm-none-eabi/4.8.4/armv7e-m/crtend.o
 .data          0x200009e0        0x0 c:/gnutoolsarmembedded/4.8_2014q3/bin/../lib/gcc/arm-none-eabi/4.8.4/armv7e-m/crtn.o
                0x200009e0                . = ALIGN (0x4)
                0x200009e0                PROVIDE (__preinit_array_start, .)
 *(.preinit_array)
                0x200009e0                PROVIDE (__preinit_array_end, .)
                0x200009e0                . = ALIGN (0x4)
                0x200009e0                PROVIDE (__init_array_start, .)
 *(SORT(.init_array.*))
 .init_array.00000
                0x200009e0        0x4 C:\GNUToolsARMEmbedded\4.8_2014q3\arm-none-eabi\lib\thumb\libc.a(lib_a-__call_atexit.o)
 *(.init_array)
 .init_array    0x200009e4        0x4 c:/gnutoolsarmembedded/4.8_2014q3/bin/../lib/gcc/arm-none-eabi/4.8.4/armv7e-m/crtbegin.o
                0x200009e8                PROVIDE (__init_array_end, .)
                0x200009e8                . = ALIGN (0x4)
                0x200009e8                PROVIDE (__fini_array_start, .)
 *(SORT(.fini_array.*))
 *(.fini_array)
 .fini_array    0x200009e8        0x4 c:/gnutoolsarmembedded/4.8_2014q3/bin/../lib/gcc/arm-none-eabi/4.8.4/armv7e-m/crtbegin.o
                0x200009ec                PROVIDE (__fini_array_end, .)
 *(.jcr*)
 .jcr           0x200009ec        0x0 c:/gnutoolsarmembedded/4.8_2014q3/bin/../lib/gcc/arm-none-eabi/4.8.4/armv7e-m/crtbegin.o
 .jcr           0x200009ec        0x4 c:/gnutoolsarmembedded/4.8_2014q3/bin/../lib/gcc/arm-none-eabi/4.8.4/armv7e-m/crtend.o
                0x200009f0                . = ALIGN (0x4)
                0x200009f0                __data_end__ = .

.igot.plt       0x200009f0        0x0 load address 0x080426bc
 .igot.plt      0x00000000        0x0 c:/gnutoolsarmembedded/4.8_2014q3/bin/../lib/gcc/arm-none-eabi/4.8.4/armv7e-m/crtbegin.o

.bss            0x200009f0       0xf8 load address 0x080426bc
                0x200009f0                . = ALIGN (0x4)
                0x200009f0                __bss_start__ = .
 *(.bss*)
 .bss           0x200009f0        0x0 c:/gnutoolsarmembedded/4.8_2014q3/bin/../lib/gcc/arm-none-eabi/4.8.4/armv7e-m/crti.o
 .bss           0x200009f0       0x1c c:/gnutoolsarmembedded/4.8_2014q3/bin/../lib/gcc/arm-none-eabi/4.8.4/armv7e-m/crtbegin.o
 .bss           0x20000a0c        0x0 c:/gnutoolsarmembedded/4.8_2014q3/bin/../lib/gcc/arm-none-eabi/4.8.4/../../../../arm-none-eabi/lib/armv7e-m/crt0.o
 .bss           0x20000a0c        0x0 obj/Event.o
 .bss           0x20000a0c        0x4 obj/STMPE811QTR.o
 .bss           0x20000a10        0x0 obj/Swatch.o
 .bss           0x20000a10        0x0 obj/Touch.o
 .bss           0x20000a10        0x8 obj/Widget.o
 .bss           0x20000a18        0x0 obj/WidgetConfig.o
 .bss           0x20000a18        0x8 obj/code.o
                0x20000a18                hours
                0x20000a19                minutes
                0x20000a1a                seconds
                0x20000a1b                tenths
                0x20000a1c                mode
 .bss           0x20000a20        0x0 obj/debug.o
 .bss           0x20000a20        0x4 obj/eecfg.o
                0x20000a20                EE_sys_ceiling
 .bss           0x20000a24        0x0 obj/pictures.o
 .bss           0x20000a24        0x0 obj/pkg/mcu/st_stm32_stm32f4xx/src/startup_stm32f4xx_gnu.o
 .bss           0x20000a24        0x0 obj/pkg/mcu/st_stm32_stm32f4xx/src/system_stm32f4xx.o
 .bss           0x20000a24        0x0 libee.a(ee_hal_structs.o)
 .bss           0x20000a24        0x0 libee.a(ee_utils.o)
 .bss           0x20000a24        0x0 libee.a(ee_gnu_change_context_isr.o)
 .bss           0x20000a24        0x0 libee.a(ee_irqendin.o)
 .bss           0x20000a24        0x0 libee.a(ee_tstub.o)
 .bss           0x20000a24        0x0 libee.a(ee_lookup.o)
 .bss           0x20000a24        0x0 libee.a(ee_rq_exchg.o)
 .bss           0x20000a24        0x0 libee.a(ee_alsetrel.o)
 .bss           0x20000a24        0x0 libee.a(ee_altick.o)
 .bss           0x20000a24        0x0 libee.a(ee_context.o)
 .bss           0x20000a24        0x0 libee.a(ee_gnu_oo.o)
 .bss           0x20000a24        0x0 libee.a(ee_tnterm.o)
 .bss           0x20000a24        0x0 libee.a(ee_rq_inser.o)
 .bss           0x20000a24        0x0 libee.a(ee_context.o)
 .bss           0x20000a24        0x0 libee.a(ee_thendin.o)
 .bss           0x20000a24        0x0 libstm32f4xxspd.a(stm32f4xx_dma.o)
 .bss           0x20000a24        0x0 libstm32f4xxspd.a(stm32f4xx_fsmc.o)
 .bss           0x20000a24        0x0 libstm32f4xxspd.a(stm32f4xx_gpio.o)
 .bss           0x20000a24        0x0 libstm32f4xxspd.a(stm32f4xx_i2c.o)
 .bss           0x20000a24        0x0 libstm32f4xxspd.a(stm32f4xx_rcc.o)
 .bss           0x20000a24        0x0 c:/gnutoolsarmembedded/4.8_2014q3/bin/../lib/gcc/arm-none-eabi/4.8.4/armv7e-m\libgcc.a(_arm_addsubdf3.o)
 .bss           0x20000a24        0x0 c:/gnutoolsarmembedded/4.8_2014q3/bin/../lib/gcc/arm-none-eabi/4.8.4/armv7e-m\libgcc.a(_arm_muldivdf3.o)
 .bss           0x20000a24        0x0 c:/gnutoolsarmembedded/4.8_2014q3/bin/../lib/gcc/arm-none-eabi/4.8.4/armv7e-m\libgcc.a(_arm_cmpdf2.o)
 .bss           0x20000a24        0x0 c:/gnutoolsarmembedded/4.8_2014q3/bin/../lib/gcc/arm-none-eabi/4.8.4/armv7e-m\libgcc.a(_arm_fixdfsi.o)
 .bss           0x20000a24        0x0 c:/gnutoolsarmembedded/4.8_2014q3/bin/../lib/gcc/arm-none-eabi/4.8.4/armv7e-m\libgcc.a(_arm_addsubsf3.o)
 .bss           0x20000a24        0x0 c:/gnutoolsarmembedded/4.8_2014q3/bin/../lib/gcc/arm-none-eabi/4.8.4/armv7e-m\libgcc.a(_arm_muldivsf3.o)
 .bss           0x20000a24        0x0 c:/gnutoolsarmembedded/4.8_2014q3/bin/../lib/gcc/arm-none-eabi/4.8.4/armv7e-m\libgcc.a(_arm_fixsfsi.o)
 .bss           0x20000a24        0x0 c:/gnutoolsarmembedded/4.8_2014q3/bin/../lib/gcc/arm-none-eabi/4.8.4/armv7e-m\libgcc.a(_arm_fixunssfsi.o)
 .bss           0x20000a24        0x0 C:\GNUToolsARMEmbedded\4.8_2014q3\arm-none-eabi\lib\thumb\libc.a(lib_a-exit.o)
 .bss           0x20000a24        0x0 C:\GNUToolsARMEmbedded\4.8_2014q3\arm-none-eabi\lib\thumb\libc.a(lib_a-impure.o)
 .bss           0x20000a24        0x0 C:\GNUToolsARMEmbedded\4.8_2014q3\arm-none-eabi\lib\thumb\libc.a(lib_a-init.o)
 .bss           0x20000a24        0x0 C:\GNUToolsARMEmbedded\4.8_2014q3\arm-none-eabi\lib\thumb\libc.a(lib_a-memset.o)
 .bss           0x20000a24        0x0 C:\GNUToolsARMEmbedded\4.8_2014q3\arm-none-eabi\lib\thumb\libc.a(lib_a-sprintf.o)
 .bss           0x20000a24        0x0 C:\GNUToolsARMEmbedded\4.8_2014q3\arm-none-eabi\lib\thumb\libc.a(lib_a-svfprintf.o)
 .bss           0x20000a24        0x0 C:\GNUToolsARMEmbedded\4.8_2014q3\arm-none-eabi\lib\thumb\libc.a(lib_a-__call_atexit.o)
 .bss           0x20000a24        0x0 C:\GNUToolsARMEmbedded\4.8_2014q3\arm-none-eabi\lib\thumb\libc.a(lib_a-atexit.o)
 .bss           0x20000a24        0x0 C:\GNUToolsARMEmbedded\4.8_2014q3\arm-none-eabi\lib\thumb\libc.a(lib_a-dtoa.o)
 .bss           0x20000a24        0x0 C:\GNUToolsARMEmbedded\4.8_2014q3\arm-none-eabi\lib\thumb\libc.a(lib_a-fini.o)
 .bss           0x20000a24        0x0 C:\GNUToolsARMEmbedded\4.8_2014q3\arm-none-eabi\lib\thumb\libc.a(lib_a-locale.o)
 .bss._PathLocale
                0x20000a24        0x4 C:\GNUToolsARMEmbedded\4.8_2014q3\arm-none-eabi\lib\thumb\libc.a(lib_a-locale.o)
                0x20000a24                _PathLocale
 .bss.__nlocale_changed
                0x20000a28        0x4 C:\GNUToolsARMEmbedded\4.8_2014q3\arm-none-eabi\lib\thumb\libc.a(lib_a-locale.o)
                0x20000a28                __nlocale_changed
 .bss.__mlocale_changed
                0x20000a2c        0x4 C:\GNUToolsARMEmbedded\4.8_2014q3\arm-none-eabi\lib\thumb\libc.a(lib_a-locale.o)
                0x20000a2c                __mlocale_changed
 .bss           0x20000a30        0x0 C:\GNUToolsARMEmbedded\4.8_2014q3\arm-none-eabi\lib\thumb\libc.a(lib_a-mallocr.o)
 .bss.__malloc_max_total_mem
                0x20000a30        0x4 C:\GNUToolsARMEmbedded\4.8_2014q3\arm-none-eabi\lib\thumb\libc.a(lib_a-mallocr.o)
                0x20000a30                __malloc_max_total_mem
 .bss.__malloc_max_sbrked_mem
                0x20000a34        0x4 C:\GNUToolsARMEmbedded\4.8_2014q3\arm-none-eabi\lib\thumb\libc.a(lib_a-mallocr.o)
                0x20000a34                __malloc_max_sbrked_mem
 .bss.__malloc_top_pad
                0x20000a38        0x4 C:\GNUToolsARMEmbedded\4.8_2014q3\arm-none-eabi\lib\thumb\libc.a(lib_a-mallocr.o)
                0x20000a38                __malloc_top_pad
 .bss.__malloc_current_mallinfo
                0x20000a3c       0x28 C:\GNUToolsARMEmbedded\4.8_2014q3\arm-none-eabi\lib\thumb\libc.a(lib_a-mallocr.o)
                0x20000a3c                __malloc_current_mallinfo
 .bss           0x20000a64        0x0 C:\GNUToolsARMEmbedded\4.8_2014q3\arm-none-eabi\lib\thumb\libc.a(lib_a-memchr-stub.o)
 .bss           0x20000a64        0x0 C:\GNUToolsARMEmbedded\4.8_2014q3\arm-none-eabi\lib\thumb\libc.a(lib_a-memcpy-stub.o)
 .bss           0x20000a64        0x0 C:\GNUToolsARMEmbedded\4.8_2014q3\arm-none-eabi\lib\thumb\libc.a(lib_a-mlock.o)
 .bss           0x20000a64        0x0 C:\GNUToolsARMEmbedded\4.8_2014q3\arm-none-eabi\lib\thumb\libc.a(lib_a-mprec.o)
 .bss           0x20000a64        0x0 C:\GNUToolsARMEmbedded\4.8_2014q3\arm-none-eabi\lib\thumb\libc.a(lib_a-s_fpclassify.o)
 .bss           0x20000a64        0x0 C:\GNUToolsARMEmbedded\4.8_2014q3\arm-none-eabi\lib\thumb\libc.a(lib_a-sbrkr.o)
 .bss           0x20000a64        0x0 C:\GNUToolsARMEmbedded\4.8_2014q3\arm-none-eabi\lib\thumb\libc.a(lib_a-strcmp.o)
 .bss           0x20000a64        0x0 C:\GNUToolsARMEmbedded\4.8_2014q3\arm-none-eabi\lib\thumb\libc.a(lib_a-strlen.o)
 .bss           0x20000a64        0x0 C:\GNUToolsARMEmbedded\4.8_2014q3\arm-none-eabi\lib\thumb\libc.a(lib_a-svfiprintf.o)
 .bss           0x20000a64        0x0 C:\GNUToolsARMEmbedded\4.8_2014q3\arm-none-eabi\lib\thumb\libc.a(lib_a-__atexit.o)
 .bss           0x20000a64        0x0 C:\GNUToolsARMEmbedded\4.8_2014q3\arm-none-eabi\lib\thumb\libc.a(lib_a-callocr.o)
 .bss           0x20000a64        0x0 C:\GNUToolsARMEmbedded\4.8_2014q3\arm-none-eabi\lib\thumb\libc.a(lib_a-freer.o)
 .bss           0x20000a64        0x0 C:\GNUToolsARMEmbedded\4.8_2014q3\arm-none-eabi\lib\thumb\libc.a(lib_a-memmove.o)
 .bss           0x20000a64        0x0 C:\GNUToolsARMEmbedded\4.8_2014q3\arm-none-eabi\lib\thumb\libc.a(lib_a-reallocr.o)
 .bss           0x20000a64        0x0 C:\GNUToolsARMEmbedded\4.8_2014q3\arm-none-eabi\lib\thumb\libc.a(lib_a-reent.o)
 .bss           0x20000a64        0x0 C:\GNUToolsARMEmbedded\4.8_2014q3\arm-none-eabi\lib\thumb\libnosys.a(sbrk.o)
 .bss.heap_end.4246
                0x20000a64        0x4 C:\GNUToolsARMEmbedded\4.8_2014q3\arm-none-eabi\lib\thumb\libnosys.a(sbrk.o)
 .bss           0x20000a68        0x0 c:/gnutoolsarmembedded/4.8_2014q3/bin/../lib/gcc/arm-none-eabi/4.8.4/armv7e-m\libgcc.a(_udivsi3.o)
 .bss           0x20000a68        0x0 c:/gnutoolsarmembedded/4.8_2014q3/bin/../lib/gcc/arm-none-eabi/4.8.4/armv7e-m\libgcc.a(_divsi3.o)
 .bss           0x20000a68        0x0 c:/gnutoolsarmembedded/4.8_2014q3/bin/../lib/gcc/arm-none-eabi/4.8.4/armv7e-m\libgcc.a(_dvmd_tls.o)
 .bss           0x20000a68        0x0 c:/gnutoolsarmembedded/4.8_2014q3/bin/../lib/gcc/arm-none-eabi/4.8.4/armv7e-m\libgcc.a(_aeabi_uldivmod.o)
 .bss           0x20000a68        0x0 c:/gnutoolsarmembedded/4.8_2014q3/bin/../lib/gcc/arm-none-eabi/4.8.4/armv7e-m\libgcc.a(bpabi.o)
 .bss           0x20000a68        0x0 c:/gnutoolsarmembedded/4.8_2014q3/bin/../lib/gcc/arm-none-eabi/4.8.4/armv7e-m\libgcc.a(_divdi3.o)
 .bss           0x20000a68        0x0 c:/gnutoolsarmembedded/4.8_2014q3/bin/../lib/gcc/arm-none-eabi/4.8.4/armv7e-m\libgcc.a(_udivdi3.o)
 .bss           0x20000a68        0x0 c:/gnutoolsarmembedded/4.8_2014q3/bin/../lib/gcc/arm-none-eabi/4.8.4/armv7e-m/crtend.o
 .bss           0x20000a68        0x0 c:/gnutoolsarmembedded/4.8_2014q3/bin/../lib/gcc/arm-none-eabi/4.8.4/armv7e-m/crtn.o
 *(COMMON)
 COMMON         0x20000a68        0x1 obj/Event.o
                0x20000a68                evts
 *fill*         0x20000a69        0x3 
 COMMON         0x20000a6c        0x8 obj/STMPE811QTR.o
                0x20000a6c                TS_State
 COMMON         0x20000a74       0x20 obj/Touch.o
                0x20000a74                touch_points
                0x20000a88                tcs
 COMMON         0x20000a94       0x11 obj/code.o
                0x20000a94                timesetmode
                0x20000a95                timeMode
                0x20000a96                plusButton
                0x20000a97                alarmMode
                0x20000a98                RT_MEMORY_ALLOCATION_ERROR
                0x20000a9c                minusButton
                0x20000a9d                tick
                0x20000aa0                Swatch_M
                0x20000aa4                swatchMode
 *fill*         0x20000aa5        0x3 
 COMMON         0x20000aa8       0x2c obj/eecfg.o
                0x20000aa8                EE_terminate_data
                0x20000ab0                EE_oo_counter_object_RAM
                0x20000ad0                EE_ApplicationMode
 COMMON         0x20000ad4        0x8 libee.a(ee_hal_structs.o)
                0x20000ad4                EE_IRQ_nesting_level
                0x20000ad8                EE_std_endcycle_next_tid
 COMMON         0x20000adc        0x8 libee.a(ee_lookup.o)
                0x20000adc                EE_oo_IRQ_disable_count
                0x20000ae0                EE_oo_IRQ_suspend_status
 COMMON         0x20000ae4        0x4 C:\GNUToolsARMEmbedded\4.8_2014q3\arm-none-eabi\lib\thumb\libc.a(lib_a-reent.o)
                0x20000ae4                errno
                0x20000ae8                . = ALIGN (0x4)
                0x20000ae8                __bss_end__ = .

.heap           0x20000ae8      0x100
                0x20000ae8                __end__ = .
                0x20000ae8                end = __end__
 *(.heap*)
 .heap          0x20000ae8      0x100 obj/pkg/mcu/st_stm32_stm32f4xx/src/startup_stm32f4xx_gnu.o
                0x20000ae8                __HeapBase
                0x20000be8                __HeapLimit = .

.stack_dummy    0x20000ae8      0xc00
 *(.stack*)
 .stack         0x20000ae8      0xc00 obj/pkg/mcu/st_stm32_stm32f4xx/src/startup_stm32f4xx_gnu.o
                0x20020000                __StackTop = (ORIGIN (RAM) + 0x20000)
                0x2001f400                __StackLimit = (__StackTop - SIZEOF (.stack_dummy))
                0x20020000                PROVIDE (__stack, __StackTop)
                0x00000001                ASSERT ((__StackLimit >= __HeapLimit), region RAM overflowed with stack)
                0x10000000                __CcmOrigin = ORIGIN (CCM)
                0x00010000                __CcmLen = 0x10000
START GROUP
LOAD c:/gnutoolsarmembedded/4.8_2014q3/bin/../lib/gcc/arm-none-eabi/4.8.4/armv7e-m\libgcc.a
LOAD C:\GNUToolsARMEmbedded\4.8_2014q3\arm-none-eabi\lib\thumb\libg.a
LOAD C:\GNUToolsARMEmbedded\4.8_2014q3\arm-none-eabi\lib\thumb\libc.a
END GROUP
LOAD c:/gnutoolsarmembedded/4.8_2014q3/bin/../lib/gcc/arm-none-eabi/4.8.4/armv7e-m/crtend.o
LOAD c:/gnutoolsarmembedded/4.8_2014q3/bin/../lib/gcc/arm-none-eabi/4.8.4/armv7e-m/crtn.o
OUTPUT(c_mX.elf elf32-littlearm)

.ARM.attributes
                0x00000000       0x2c
 .ARM.attributes
                0x00000000       0x1e c:/gnutoolsarmembedded/4.8_2014q3/bin/../lib/gcc/arm-none-eabi/4.8.4/armv7e-m/crti.o
 .ARM.attributes
                0x0000001e       0x2e c:/gnutoolsarmembedded/4.8_2014q3/bin/../lib/gcc/arm-none-eabi/4.8.4/armv7e-m/crtbegin.o
 .ARM.attributes
                0x0000004c       0x1c c:/gnutoolsarmembedded/4.8_2014q3/bin/../lib/gcc/arm-none-eabi/4.8.4/../../../../arm-none-eabi/lib/armv7e-m/crt0.o
 .ARM.attributes
                0x00000068       0x33 obj/Event.o
 .ARM.attributes
                0x0000009b       0x33 obj/STMPE811QTR.o
 .ARM.attributes
                0x000000ce       0x33 obj/Swatch.o
 .ARM.attributes
                0x00000101       0x33 obj/Touch.o
 .ARM.attributes
                0x00000134       0x33 obj/Widget.o
 .ARM.attributes
                0x00000167       0x33 obj/WidgetConfig.o
 .ARM.attributes
                0x0000019a       0x33 obj/code.o
 .ARM.attributes
                0x000001cd       0x33 obj/debug.o
 .ARM.attributes
                0x00000200       0x33 obj/eecfg.o
 .ARM.attributes
                0x00000233       0x33 obj/pictures.o
 .ARM.attributes
                0x00000266       0x1c obj/pkg/mcu/st_stm32_stm32f4xx/src/startup_stm32f4xx_gnu.o
 .ARM.attributes
                0x00000282       0x33 obj/pkg/mcu/st_stm32_stm32f4xx/src/system_stm32f4xx.o
 .ARM.attributes
                0x000002b5       0x33 libee.a(ee_hal_structs.o)
 .ARM.attributes
                0x000002e8       0x33 libee.a(ee_utils.o)
 .ARM.attributes
                0x0000031b       0x21 libee.a(ee_gnu_change_context_isr.o)
 .ARM.attributes
                0x0000033c       0x33 libee.a(ee_irqendin.o)
 .ARM.attributes
                0x0000036f       0x33 libee.a(ee_tstub.o)
 .ARM.attributes
                0x000003a2       0x33 libee.a(ee_lookup.o)
 .ARM.attributes
                0x000003d5       0x33 libee.a(ee_rq_exchg.o)
 .ARM.attributes
                0x00000408       0x33 libee.a(ee_alsetrel.o)
 .ARM.attributes
                0x0000043b       0x33 libee.a(ee_altick.o)
 .ARM.attributes
                0x0000046e       0x33 libee.a(ee_context.o)
 .ARM.attributes
                0x000004a1       0x21 libee.a(ee_gnu_oo.o)
 .ARM.attributes
                0x000004c2       0x33 libee.a(ee_tnterm.o)
 .ARM.attributes
                0x000004f5       0x33 libee.a(ee_rq_inser.o)
 .ARM.attributes
                0x00000528       0x33 libee.a(ee_context.o)
 .ARM.attributes
                0x0000055b       0x33 libee.a(ee_thendin.o)
 .ARM.attributes
                0x0000058e       0x33 libstm32f4xxspd.a(stm32f4xx_dma.o)
 .ARM.attributes
                0x000005c1       0x33 libstm32f4xxspd.a(stm32f4xx_fsmc.o)
 .ARM.attributes
                0x000005f4       0x33 libstm32f4xxspd.a(stm32f4xx_gpio.o)
 .ARM.attributes
                0x00000627       0x33 libstm32f4xxspd.a(stm32f4xx_i2c.o)
 .ARM.attributes
                0x0000065a       0x33 libstm32f4xxspd.a(stm32f4xx_rcc.o)
 .ARM.attributes
                0x0000068d       0x1e c:/gnutoolsarmembedded/4.8_2014q3/bin/../lib/gcc/arm-none-eabi/4.8.4/armv7e-m\libgcc.a(_arm_addsubdf3.o)
 .ARM.attributes
                0x000006ab       0x1e c:/gnutoolsarmembedded/4.8_2014q3/bin/../lib/gcc/arm-none-eabi/4.8.4/armv7e-m\libgcc.a(_arm_muldivdf3.o)
 .ARM.attributes
                0x000006c9       0x1e c:/gnutoolsarmembedded/4.8_2014q3/bin/../lib/gcc/arm-none-eabi/4.8.4/armv7e-m\libgcc.a(_arm_cmpdf2.o)
 .ARM.attributes
                0x000006e7       0x1e c:/gnutoolsarmembedded/4.8_2014q3/bin/../lib/gcc/arm-none-eabi/4.8.4/armv7e-m\libgcc.a(_arm_fixdfsi.o)
 .ARM.attributes
                0x00000705       0x1e c:/gnutoolsarmembedded/4.8_2014q3/bin/../lib/gcc/arm-none-eabi/4.8.4/armv7e-m\libgcc.a(_arm_addsubsf3.o)
 .ARM.attributes
                0x00000723       0x1e c:/gnutoolsarmembedded/4.8_2014q3/bin/../lib/gcc/arm-none-eabi/4.8.4/armv7e-m\libgcc.a(_arm_muldivsf3.o)
 .ARM.attributes
                0x00000741       0x1e c:/gnutoolsarmembedded/4.8_2014q3/bin/../lib/gcc/arm-none-eabi/4.8.4/armv7e-m\libgcc.a(_arm_fixsfsi.o)
 .ARM.attributes
                0x0000075f       0x1e c:/gnutoolsarmembedded/4.8_2014q3/bin/../lib/gcc/arm-none-eabi/4.8.4/armv7e-m\libgcc.a(_arm_fixunssfsi.o)
 .ARM.attributes
                0x0000077d       0x30 C:\GNUToolsARMEmbedded\4.8_2014q3\arm-none-eabi\lib\thumb\libc.a(lib_a-exit.o)
 .ARM.attributes
                0x000007ad       0x30 C:\GNUToolsARMEmbedded\4.8_2014q3\arm-none-eabi\lib\thumb\libc.a(lib_a-impure.o)
 .ARM.attributes
                0x000007dd       0x30 C:\GNUToolsARMEmbedded\4.8_2014q3\arm-none-eabi\lib\thumb\libc.a(lib_a-init.o)
 .ARM.attributes
                0x0000080d       0x30 C:\GNUToolsARMEmbedded\4.8_2014q3\arm-none-eabi\lib\thumb\libc.a(lib_a-memset.o)
 .ARM.attributes
                0x0000083d       0x30 C:\GNUToolsARMEmbedded\4.8_2014q3\arm-none-eabi\lib\thumb\libc.a(lib_a-sprintf.o)
 .ARM.attributes
                0x0000086d       0x30 C:\GNUToolsARMEmbedded\4.8_2014q3\arm-none-eabi\lib\thumb\libc.a(lib_a-svfprintf.o)
 .ARM.attributes
                0x0000089d       0x30 C:\GNUToolsARMEmbedded\4.8_2014q3\arm-none-eabi\lib\thumb\libc.a(lib_a-__call_atexit.o)
 .ARM.attributes
                0x000008cd       0x30 C:\GNUToolsARMEmbedded\4.8_2014q3\arm-none-eabi\lib\thumb\libc.a(lib_a-atexit.o)
 .ARM.attributes
                0x000008fd       0x30 C:\GNUToolsARMEmbedded\4.8_2014q3\arm-none-eabi\lib\thumb\libc.a(lib_a-dtoa.o)
 .ARM.attributes
                0x0000092d       0x30 C:\GNUToolsARMEmbedded\4.8_2014q3\arm-none-eabi\lib\thumb\libc.a(lib_a-fini.o)
 .ARM.attributes
                0x0000095d       0x30 C:\GNUToolsARMEmbedded\4.8_2014q3\arm-none-eabi\lib\thumb\libc.a(lib_a-locale.o)
 .ARM.attributes
                0x0000098d       0x30 C:\GNUToolsARMEmbedded\4.8_2014q3\arm-none-eabi\lib\thumb\libc.a(lib_a-mallocr.o)
 .ARM.attributes
                0x000009bd       0x30 C:\GNUToolsARMEmbedded\4.8_2014q3\arm-none-eabi\lib\thumb\libc.a(lib_a-memchr-stub.o)
 .ARM.attributes
                0x000009ed       0x30 C:\GNUToolsARMEmbedded\4.8_2014q3\arm-none-eabi\lib\thumb\libc.a(lib_a-memcpy-stub.o)
 .ARM.attributes
                0x00000a1d       0x30 C:\GNUToolsARMEmbedded\4.8_2014q3\arm-none-eabi\lib\thumb\libc.a(lib_a-mlock.o)
 .ARM.attributes
                0x00000a4d       0x30 C:\GNUToolsARMEmbedded\4.8_2014q3\arm-none-eabi\lib\thumb\libc.a(lib_a-mprec.o)
 .ARM.attributes
                0x00000a7d       0x30 C:\GNUToolsARMEmbedded\4.8_2014q3\arm-none-eabi\lib\thumb\libc.a(lib_a-s_fpclassify.o)
 .ARM.attributes
                0x00000aad       0x30 C:\GNUToolsARMEmbedded\4.8_2014q3\arm-none-eabi\lib\thumb\libc.a(lib_a-sbrkr.o)
 .ARM.attributes
                0x00000add       0x1c C:\GNUToolsARMEmbedded\4.8_2014q3\arm-none-eabi\lib\thumb\libc.a(lib_a-strcmp.o)
 .ARM.attributes
                0x00000af9       0x30 C:\GNUToolsARMEmbedded\4.8_2014q3\arm-none-eabi\lib\thumb\libc.a(lib_a-strlen.o)
 .ARM.attributes
                0x00000b29       0x30 C:\GNUToolsARMEmbedded\4.8_2014q3\arm-none-eabi\lib\thumb\libc.a(lib_a-svfiprintf.o)
 .ARM.attributes
                0x00000b59       0x30 C:\GNUToolsARMEmbedded\4.8_2014q3\arm-none-eabi\lib\thumb\libc.a(lib_a-__atexit.o)
 .ARM.attributes
                0x00000b89       0x30 C:\GNUToolsARMEmbedded\4.8_2014q3\arm-none-eabi\lib\thumb\libc.a(lib_a-callocr.o)
 .ARM.attributes
                0x00000bb9       0x30 C:\GNUToolsARMEmbedded\4.8_2014q3\arm-none-eabi\lib\thumb\libc.a(lib_a-freer.o)
 .ARM.attributes
                0x00000be9       0x30 C:\GNUToolsARMEmbedded\4.8_2014q3\arm-none-eabi\lib\thumb\libc.a(lib_a-memmove.o)
 .ARM.attributes
                0x00000c19       0x30 C:\GNUToolsARMEmbedded\4.8_2014q3\arm-none-eabi\lib\thumb\libc.a(lib_a-reallocr.o)
 .ARM.attributes
                0x00000c49       0x30 C:\GNUToolsARMEmbedded\4.8_2014q3\arm-none-eabi\lib\thumb\libc.a(lib_a-reent.o)
 .ARM.attributes
                0x00000c79       0x30 C:\GNUToolsARMEmbedded\4.8_2014q3\arm-none-eabi\lib\thumb\libnosys.a(sbrk.o)
 .ARM.attributes
                0x00000ca9       0x1e c:/gnutoolsarmembedded/4.8_2014q3/bin/../lib/gcc/arm-none-eabi/4.8.4/armv7e-m\libgcc.a(_udivsi3.o)
 .ARM.attributes
                0x00000cc7       0x1e c:/gnutoolsarmembedded/4.8_2014q3/bin/../lib/gcc/arm-none-eabi/4.8.4/armv7e-m\libgcc.a(_divsi3.o)
 .ARM.attributes
                0x00000ce5       0x1e c:/gnutoolsarmembedded/4.8_2014q3/bin/../lib/gcc/arm-none-eabi/4.8.4/armv7e-m\libgcc.a(_dvmd_tls.o)
 .ARM.attributes
                0x00000d03       0x1e c:/gnutoolsarmembedded/4.8_2014q3/bin/../lib/gcc/arm-none-eabi/4.8.4/armv7e-m\libgcc.a(_aeabi_uldivmod.o)
 .ARM.attributes
                0x00000d21       0x2e c:/gnutoolsarmembedded/4.8_2014q3/bin/../lib/gcc/arm-none-eabi/4.8.4/armv7e-m\libgcc.a(bpabi.o)
 .ARM.attributes
                0x00000d4f       0x2e c:/gnutoolsarmembedded/4.8_2014q3/bin/../lib/gcc/arm-none-eabi/4.8.4/armv7e-m\libgcc.a(_divdi3.o)
 .ARM.attributes
                0x00000d7d       0x2e c:/gnutoolsarmembedded/4.8_2014q3/bin/../lib/gcc/arm-none-eabi/4.8.4/armv7e-m\libgcc.a(_udivdi3.o)
 .ARM.attributes
                0x00000dab       0x2e c:/gnutoolsarmembedded/4.8_2014q3/bin/../lib/gcc/arm-none-eabi/4.8.4/armv7e-m/crtend.o
 .ARM.attributes
                0x00000dd9       0x1e c:/gnutoolsarmembedded/4.8_2014q3/bin/../lib/gcc/arm-none-eabi/4.8.4/armv7e-m/crtn.o

.comment        0x00000000       0x70
 .comment       0x00000000       0x70 obj/Event.o
                                 0x71 (size before relaxing)
 .comment       0x00000000       0x71 obj/STMPE811QTR.o
 .comment       0x00000000       0x71 obj/Swatch.o
 .comment       0x00000000       0x71 obj/Touch.o
 .comment       0x00000000       0x71 obj/Widget.o
 .comment       0x00000000       0x71 obj/WidgetConfig.o
 .comment       0x00000000       0x71 obj/code.o
 .comment       0x00000000       0x71 obj/debug.o
 .comment       0x00000000       0x71 obj/eecfg.o
 .comment       0x00000000       0x71 obj/pictures.o
 .comment       0x00000000       0x71 obj/pkg/mcu/st_stm32_stm32f4xx/src/system_stm32f4xx.o
 .comment       0x00000000       0x71 libee.a(ee_hal_structs.o)
 .comment       0x00000000       0x71 libee.a(ee_utils.o)
 .comment       0x00000000       0x71 libee.a(ee_irqendin.o)
 .comment       0x00000000       0x71 libee.a(ee_tstub.o)
 .comment       0x00000000       0x71 libee.a(ee_lookup.o)
 .comment       0x00000000       0x71 libee.a(ee_rq_exchg.o)
 .comment       0x00000000       0x71 libee.a(ee_alsetrel.o)
 .comment       0x00000000       0x71 libee.a(ee_altick.o)
 .comment       0x00000000       0x71 libee.a(ee_context.o)
 .comment       0x00000000       0x71 libee.a(ee_tnterm.o)
 .comment       0x00000000       0x71 libee.a(ee_rq_inser.o)
 .comment       0x00000000       0x71 libee.a(ee_context.o)
 .comment       0x00000000       0x71 libee.a(ee_thendin.o)
 .comment       0x00000000       0x71 libstm32f4xxspd.a(stm32f4xx_dma.o)
 .comment       0x00000000       0x71 libstm32f4xxspd.a(stm32f4xx_fsmc.o)
 .comment       0x00000000       0x71 libstm32f4xxspd.a(stm32f4xx_gpio.o)
 .comment       0x00000000       0x71 libstm32f4xxspd.a(stm32f4xx_i2c.o)
 .comment       0x00000000       0x71 libstm32f4xxspd.a(stm32f4xx_rcc.o)

.debug_info     0x00000000     0xb7de
 .debug_info    0x00000000       0x3d obj/Event.o
 .debug_info    0x0000003d      0xd4f obj/STMPE811QTR.o
 .debug_info    0x00000d8c      0x6f6 obj/Swatch.o
 .debug_info    0x00001482      0x482 obj/Touch.o
 .debug_info    0x00001904     0x1618 obj/Widget.o
 .debug_info    0x00002f1c      0x3de obj/WidgetConfig.o
 .debug_info    0x000032fa      0xa16 obj/code.o
 .debug_info    0x00003d10      0x18a obj/debug.o
 .debug_info    0x00003e9a      0x561 obj/eecfg.o
 .debug_info    0x000043fb      0x175 obj/pictures.o
 .debug_info    0x00004570       0xea obj/pkg/mcu/st_stm32_stm32f4xx/src/startup_stm32f4xx_gnu.o
 .debug_info    0x0000465a      0x592 obj/pkg/mcu/st_stm32_stm32f4xx/src/system_stm32f4xx.o
 .debug_info    0x00004bec      0x38b libee.a(ee_hal_structs.o)
 .debug_info    0x00004f77      0x462 libee.a(ee_utils.o)
 .debug_info    0x000053d9       0xe9 libee.a(ee_gnu_change_context_isr.o)
 .debug_info    0x000054c2      0x52b libee.a(ee_irqendin.o)
 .debug_info    0x000059ed      0x438 libee.a(ee_tstub.o)
 .debug_info    0x00005e25      0x38b libee.a(ee_lookup.o)
 .debug_info    0x000061b0      0x3a7 libee.a(ee_rq_exchg.o)
 .debug_info    0x00006557      0x57d libee.a(ee_alsetrel.o)
 .debug_info    0x00006ad4      0x99f libee.a(ee_altick.o)
 .debug_info    0x00007473      0x3a3 libee.a(ee_context.o)
 .debug_info    0x00007816       0xd9 libee.a(ee_gnu_oo.o)
 .debug_info    0x000078ef      0x3f2 libee.a(ee_tnterm.o)
 .debug_info    0x00007ce1      0x3c7 libee.a(ee_rq_inser.o)
 .debug_info    0x000080a8      0x40d libee.a(ee_context.o)
 .debug_info    0x000084b5      0x5b5 libee.a(ee_thendin.o)
 .debug_info    0x00008a6a      0x739 libstm32f4xxspd.a(stm32f4xx_dma.o)
 .debug_info    0x000091a3      0x8f5 libstm32f4xxspd.a(stm32f4xx_fsmc.o)
 .debug_info    0x00009a98      0x605 libstm32f4xxspd.a(stm32f4xx_gpio.o)
 .debug_info    0x0000a09d      0xaf4 libstm32f4xxspd.a(stm32f4xx_i2c.o)
 .debug_info    0x0000ab91      0xc4d libstm32f4xxspd.a(stm32f4xx_rcc.o)

.debug_abbrev   0x00000000     0x2b97
 .debug_abbrev  0x00000000       0x37 obj/Event.o
 .debug_abbrev  0x00000037      0x223 obj/STMPE811QTR.o
 .debug_abbrev  0x0000025a      0x15f obj/Swatch.o
 .debug_abbrev  0x000003b9      0x16a obj/Touch.o
 .debug_abbrev  0x00000523      0x2d0 obj/Widget.o
 .debug_abbrev  0x000007f3      0x109 obj/WidgetConfig.o
 .debug_abbrev  0x000008fc      0x2e9 obj/code.o
 .debug_abbrev  0x00000be5       0xd6 obj/debug.o
 .debug_abbrev  0x00000cbb      0x106 obj/eecfg.o
 .debug_abbrev  0x00000dc1       0x5d obj/pictures.o
 .debug_abbrev  0x00000e1e       0x12 obj/pkg/mcu/st_stm32_stm32f4xx/src/startup_stm32f4xx_gnu.o
 .debug_abbrev  0x00000e30      0x136 obj/pkg/mcu/st_stm32_stm32f4xx/src/system_stm32f4xx.o
 .debug_abbrev  0x00000f66      0x105 libee.a(ee_hal_structs.o)
 .debug_abbrev  0x0000106b      0x1c5 libee.a(ee_utils.o)
 .debug_abbrev  0x00001230       0x14 libee.a(ee_gnu_change_context_isr.o)
 .debug_abbrev  0x00001244      0x1f2 libee.a(ee_irqendin.o)
 .debug_abbrev  0x00001436      0x16a libee.a(ee_tstub.o)
 .debug_abbrev  0x000015a0      0x105 libee.a(ee_lookup.o)
 .debug_abbrev  0x000016a5      0x11f libee.a(ee_rq_exchg.o)
 .debug_abbrev  0x000017c4      0x201 libee.a(ee_alsetrel.o)
 .debug_abbrev  0x000019c5      0x2e9 libee.a(ee_altick.o)
 .debug_abbrev  0x00001cae      0x11d libee.a(ee_context.o)
 .debug_abbrev  0x00001dcb       0x14 libee.a(ee_gnu_oo.o)
 .debug_abbrev  0x00001ddf      0x17b libee.a(ee_tnterm.o)
 .debug_abbrev  0x00001f5a      0x13b libee.a(ee_rq_inser.o)
 .debug_abbrev  0x00002095      0x16c libee.a(ee_context.o)
 .debug_abbrev  0x00002201      0x1e7 libee.a(ee_thendin.o)
 .debug_abbrev  0x000023e8      0x155 libstm32f4xxspd.a(stm32f4xx_dma.o)
 .debug_abbrev  0x0000253d      0x170 libstm32f4xxspd.a(stm32f4xx_fsmc.o)
 .debug_abbrev  0x000026ad      0x1a3 libstm32f4xxspd.a(stm32f4xx_gpio.o)